0001 (DeclTopDecl
         :decl
         (ValDecl
             :bindings
             ((ValBind
                 :pat
                 (IdentifierPattern
                     :qualifiers
                     ()
                     :identifier
                     "7461696C"
                     :is_op
                     false
                     :is_prefix_op
                     false)
                 :expr
                 (FnExpr
                     :cases
                     (
                         ((IdentifierPattern
                             :qualifiers
                             ()
                             :identifier
                             "6E696C"
                             :is_op
                             false
                             :is_prefix_op
                             false)
                           . (IdentifierExpr
                                 :qualifiers
                                 ()
                                 :identifier
                                 "6E696C"
                                 :is_op
                                 false
                                 :is_prefix_op
                                 false))
                         ((DatatypePattern
                             :constructor
                             (IdentifierPattern
                                 :qualifiers
                                 ()
                                 :identifier
                                 "3A3A"
                                 :is_op
                                 true
                                 :is_prefix_op
                                 false)
                             :arg
                             (TuplePattern
                                 :patterns
                                 (
                                     (WildcardPattern)
                                     (IdentifierPattern
                                         :qualifiers
                                         ()
                                         :identifier
                                         "6C"
                                         :is_op
                                         false
                                         :is_prefix_op
                                         false)
                                 )))
                           . (IdentifierExpr
                                 :qualifiers
                                 ()
                                 :identifier
                                 "6C"
                                 :is_op
                                 false
                                 :is_prefix_op
                                 false))
                     ))))))
0002 (ExprTopDecl
         :expr
         (TupleExpr
             :exprs
             (
                 (ApplicationExpr
                     :exprs
                     (
                         (IdentifierExpr
                             :qualifiers
                             ()
                             :identifier
                             "7461696C"
                             :is_op
                             false
                             :is_prefix_op
                             false)
                         (ListExpr
                             :exprs
                             (
                                 (BigintLiteralExpr
                                     :val
                                     1)
                                 (BigintLiteralExpr
                                     :val
                                     2)
                                 (BigintLiteralExpr
                                     :val
                                     3)
                             ))
                     ))
                 (ApplicationExpr
                     :exprs
                     (
                         (IdentifierExpr
                             :qualifiers
                             ()
                             :identifier
                             "7461696C"
                             :is_op
                             false
                             :is_prefix_op
                             false)
                         (ListExpr
                             :exprs
                             (
                                 (BigintLiteralExpr
                                     :val
                                     4)
                                 (BigintLiteralExpr
                                     :val
                                     5)
                                 (BigintLiteralExpr
                                     :val
                                     6)
                             ))
                     ))
             )))
0003 (ExprTopDecl
         :expr
         (TupleExpr
             :exprs
             (
                 (ApplicationExpr
                     :exprs
                     (
                         (IdentifierExpr
                             :qualifiers
                             ()
                             :identifier
                             "7461696C"
                             :is_op
                             false
                             :is_prefix_op
                             false)
                         (ListExpr
                             :exprs
                             (
                                 (BigintLiteralExpr
                                     :val
                                     1)
                                 (BigintLiteralExpr
                                     :val
                                     2)
                                 (BigintLiteralExpr
                                     :val
                                     3)
                             ))
                     ))
                 (ApplicationExpr
                     :exprs
                     (
                         (IdentifierExpr
                             :qualifiers
                             ()
                             :identifier
                             "7461696C"
                             :is_op
                             false
                             :is_prefix_op
                             false)
                         (ListExpr
                             :exprs
                             (
                                 (StringLiteralExpr
                                     :val
                                     "666F6F")
                                 (StringLiteralExpr
                                     :val
                                     "626172")
                                 (StringLiteralExpr
                                     :val
                                     "62617A")
                             ))
                     ))
             )))
0004 (DeclTopDecl
         :decl
         (ValDecl
             :bindings
             ((ValBind
                 :pat
                 (IdentifierPattern
                     :qualifiers
                     ()
                     :identifier
                     "626F7468"
                     :is_op
                     false
                     :is_prefix_op
                     false)
                 :expr
                 (FnExpr
                     :cases
                     (((IdentifierPattern
                         :qualifiers
                         ()
                         :identifier
                         "66"
                         :is_op
                         false
                         :is_prefix_op
                         false)
                       . (FnExpr
                             :cases
                             (((TuplePattern
                                 :patterns
                                 (
                                     (IdentifierPattern
                                         :qualifiers
                                         ()
                                         :identifier
                                         "61"
                                         :is_op
                                         false
                                         :is_prefix_op
                                         false)
                                     (IdentifierPattern
                                         :qualifiers
                                         ()
                                         :identifier
                                         "62"
                                         :is_op
                                         false
                                         :is_prefix_op
                                         false)
                                 ))
                               . (TupleExpr
                                     :exprs
                                     (
                                         (ApplicationExpr
                                             :exprs
                                             (
                                                 (IdentifierExpr
                                                     :qualifiers
                                                     ()
                                                     :identifier
                                                     "66"
                                                     :is_op
                                                     false
                                                     :is_prefix_op
                                                     false)
                                                 (IdentifierExpr
                                                     :qualifiers
                                                     ()
                                                     :identifier
                                                     "61"
                                                     :is_op
                                                     false
                                                     :is_prefix_op
                                                     false)
                                             ))
                                         (ApplicationExpr
                                             :exprs
                                             (
                                                 (IdentifierExpr
                                                     :qualifiers
                                                     ()
                                                     :identifier
                                                     "66"
                                                     :is_op
                                                     false
                                                     :is_prefix_op
                                                     false)
                                                 (IdentifierExpr
                                                     :qualifiers
                                                     ()
                                                     :identifier
                                                     "62"
                                                     :is_op
                                                     false
                                                     :is_prefix_op
                                                     false)
                                             ))
                                     ))))))))))))
0005 (ExprTopDecl
         :expr
         (ApplicationExpr
             :exprs
             (
                 (IdentifierExpr
                     :qualifiers
                     ()
                     :identifier
                     "626F7468"
                     :is_op
                     false
                     :is_prefix_op
                     false)
                 (IdentifierExpr
                     :qualifiers
                     ()
                     :identifier
                     "7461696C"
                     :is_op
                     false
                     :is_prefix_op
                     false)
                 (TupleExpr
                     :exprs
                     (
                         (ListExpr
                             :exprs
                             (
                                 (BigintLiteralExpr
                                     :val
                                     1)
                                 (BigintLiteralExpr
                                     :val
                                     2)
                                 (BigintLiteralExpr
                                     :val
                                     3)
                             ))
                         (ListExpr
                             :exprs
                             (
                                 (BigintLiteralExpr
                                     :val
                                     4)
                                 (BigintLiteralExpr
                                     :val
                                     5)
                                 (BigintLiteralExpr
                                     :val
                                     6)
                             ))
                     ))
             )))
0006 (ExprTopDecl
         :expr
         (ApplicationExpr
             :exprs
             (
                 (ApplicationExpr
                     :exprs
                     (
                         (IdentifierExpr
                             :qualifiers
                             ()
                             :identifier
                             "626F7468"
                             :is_op
                             false
                             :is_prefix_op
                             false)
                         (IdentifierExpr
                             :qualifiers
                             ()
                             :identifier
                             "7461696C"
                             :is_op
                             false
                             :is_prefix_op
                             false)
                     ))
                 (TupleExpr
                     :exprs
                     (
                         (ListExpr
                             :exprs
                             (
                                 (BigintLiteralExpr
                                     :val
                                     1)
                                 (BigintLiteralExpr
                                     :val
                                     2)
                                 (BigintLiteralExpr
                                     :val
                                     3)
                             ))
                         (ListExpr
                             :exprs
                             (
                                 (BigintLiteralExpr
                                     :val
                                     4)
                                 (BigintLiteralExpr
                                     :val
                                     5)
                                 (BigintLiteralExpr
                                     :val
                                     6)
                             ))
                     ))
             )))
0007 (ExprTopDecl
         :expr
         (ApplicationExpr
             :exprs
             (
                 (IdentifierExpr
                     :qualifiers
                     ()
                     :identifier
                     "626F7468"
                     :is_op
                     false
                     :is_prefix_op
                     false)
                 (IdentifierExpr
                     :qualifiers
                     ()
                     :identifier
                     "7461696C"
                     :is_op
                     false
                     :is_prefix_op
                     false)
                 (TupleExpr
                     :exprs
                     (
                         (ListExpr
                             :exprs
                             (
                                 (BigintLiteralExpr
                                     :val
                                     1)
                                 (BigintLiteralExpr
                                     :val
                                     2)
                                 (BigintLiteralExpr
                                     :val
                                     3)
                             ))
                         (ListExpr
                             :exprs
                             (
                                 (StringLiteralExpr
                                     :val
                                     "666F6F")
                                 (StringLiteralExpr
                                     :val
                                     "626172")
                                 (StringLiteralExpr
                                     :val
                                     "62617A")
                             ))
                     ))
             )))
0008 (EndOfFileTopDecl)
