0001 (DeclTopDecl
         :decls
         ((ValDecl
             :bindings
             ((ValBind
                 :pat
                 (IdentifierPattern
                     :qualifiers
                     ()
                     :identifier
                     "6974"
                     :is_op
                     false
                     :is_prefix_op
                     false)
                 :expr
                 (FnExpr
                     :cases
                     (((IdentifierPattern
                         :qualifiers
                         ()
                         :identifier
                         "78"
                         :is_op
                         false
                         :is_prefix_op
                         false)
                       . (IdentifierExpr
                             :qualifiers
                             ()
                             :identifier
                             "78"
                             :is_op
                             false
                             :is_prefix_op
                             false))))
                 :rec
                 false))
             :explicit_type_vars
             ())))
0002 (DeclTopDecl
         :decls
         ((ValDecl
             :bindings
             ((ValBind
                 :pat
                 (IdentifierPattern
                     :qualifiers
                     ()
                     :identifier
                     "6974"
                     :is_op
                     false
                     :is_prefix_op
                     false)
                 :expr
                 (FnExpr
                     :cases
                     (
                         ((TuplePattern
                             :patterns
                             (
                                 (LiteralPattern
                                     :val
                                     (BigintLiteralExpr
                                         :val
                                         0))
                                 (IdentifierPattern
                                     :qualifiers
                                     ()
                                     :identifier
                                     "626172"
                                     :is_op
                                     false
                                     :is_prefix_op
                                     false)
                             ))
                           . (IdentifierExpr
                                 :qualifiers
                                 ()
                                 :identifier
                                 "626172"
                                 :is_op
                                 false
                                 :is_prefix_op
                                 false))
                         ((TuplePattern
                             :patterns
                             (
                                 (LiteralPattern
                                     :val
                                     (BigintLiteralExpr
                                         :val
                                         1))
                                 (IdentifierPattern
                                     :qualifiers
                                     ()
                                     :identifier
                                     "626172"
                                     :is_op
                                     false
                                     :is_prefix_op
                                     false)
                             ))
                           . (ApplicationExpr
                                 :exprs
                                 (
                                     (IdentifierExpr
                                         :qualifiers
                                         ()
                                         :identifier
                                         "2D"
                                         :is_op
                                         true
                                         :is_prefix_op
                                         false)
                                     (TupleExpr
                                         :exprs
                                         (
                                             (IdentifierExpr
                                                 :qualifiers
                                                 ()
                                                 :identifier
                                                 "626172"
                                                 :is_op
                                                 false
                                                 :is_prefix_op
                                                 false)
                                             (BigintLiteralExpr
                                                 :val
                                                 1)
                                         ))
                                 )))
                         ((TuplePattern
                             :patterns
                             (
                                 (WildcardPattern)
                                 (IdentifierPattern
                                     :qualifiers
                                     ()
                                     :identifier
                                     "626172"
                                     :is_op
                                     false
                                     :is_prefix_op
                                     false)
                             ))
                           . (ApplicationExpr
                                 :exprs
                                 (
                                     (IdentifierExpr
                                         :qualifiers
                                         ("4D617468")
                                         :identifier
                                         "706F77"
                                         :is_op
                                         false
                                         :is_prefix_op
                                         false)
                                     (IdentifierExpr
                                         :qualifiers
                                         ()
                                         :identifier
                                         "626172"
                                         :is_op
                                         false
                                         :is_prefix_op
                                         false)
                                     (BigintLiteralExpr
                                         :val
                                         2)
                                 )))
                     ))
                 :rec
                 false))
             :explicit_type_vars
             ())))
0005 (DeclTopDecl
         :decls
         ())
0006 (DeclTopDecl
         :decls
         ((ValDecl
             :bindings
             ((ValBind
                 :pat
                 (IdentifierPattern
                     :qualifiers
                     ()
                     :identifier
                     "6974"
                     :is_op
                     false
                     :is_prefix_op
                     false)
                 :expr
                 (FnExpr
                     :cases
                     (
                         ((TuplePattern
                             :patterns
                             (
                                 (WildcardPattern)
                                 (IdentifierPattern
                                     :qualifiers
                                     ()
                                     :identifier
                                     "6E696C"
                                     :is_op
                                     false
                                     :is_prefix_op
                                     false)
                             ))
                           . (BigintLiteralExpr
                                 :val
                                 0))
                         ((TuplePattern
                             :patterns
                             (
                                 (WildcardPattern)
                                 (DatatypePattern
                                     :constructor
                                     (IdentifierPattern
                                         :qualifiers
                                         ()
                                         :identifier
                                         "3A3A"
                                         :is_op
                                         true
                                         :is_prefix_op
                                         false)
                                     :arg
                                     (TuplePattern
                                         :patterns
                                         (
                                             (WildcardPattern)
                                             (IdentifierPattern
                                                 :qualifiers
                                                 ()
                                                 :identifier
                                                 "6E696C"
                                                 :is_op
                                                 false
                                                 :is_prefix_op
                                                 false)
                                         )))
                             ))
                           . (BigintLiteralExpr
                                 :val
                                 1))
                         ((TuplePattern
                             :patterns
                             (
                                 (IdentifierPattern
                                     :qualifiers
                                     ()
                                     :identifier
                                     "66"
                                     :is_op
                                     false
                                     :is_prefix_op
                                     false)
                                 (DatatypePattern
                                     :constructor
                                     (IdentifierPattern
                                         :qualifiers
                                         ()
                                         :identifier
                                         "3A3A"
                                         :is_op
                                         true
                                         :is_prefix_op
                                         false)
                                     :arg
                                     (TuplePattern
                                         :patterns
                                         (
                                             (IdentifierPattern
                                                 :qualifiers
                                                 ()
                                                 :identifier
                                                 "61"
                                                 :is_op
                                                 false
                                                 :is_prefix_op
                                                 false)
                                             (DatatypePattern
                                                 :constructor
                                                 (IdentifierPattern
                                                     :qualifiers
                                                     ()
                                                     :identifier
                                                     "3A3A"
                                                     :is_op
                                                     true
                                                     :is_prefix_op
                                                     false)
                                                 :arg
                                                 (TuplePattern
                                                     :patterns
                                                     (
                                                         (IdentifierPattern
                                                             :qualifiers
                                                             ()
                                                             :identifier
                                                             "62"
                                                             :is_op
                                                             false
                                                             :is_prefix_op
                                                             false)
                                                         (WildcardPattern)
                                                     )))
                                         )))
                             ))
                           . (ApplicationExpr
                                 :exprs
                                 (
                                     (IdentifierExpr
                                         :qualifiers
                                         ()
                                         :identifier
                                         "66"
                                         :is_op
                                         false
                                         :is_prefix_op
                                         false)
                                     (TupleExpr
                                         :exprs
                                         (
                                             (IdentifierExpr
                                                 :qualifiers
                                                 ()
                                                 :identifier
                                                 "61"
                                                 :is_op
                                                 false
                                                 :is_prefix_op
                                                 false)
                                             (IdentifierExpr
                                                 :qualifiers
                                                 ()
                                                 :identifier
                                                 "62"
                                                 :is_op
                                                 false
                                                 :is_prefix_op
                                                 false)
                                         ))
                                 )))
                     ))
                 :rec
                 false))
             :explicit_type_vars
             ())))
0009 (EndOfFileTopDecl)
