0001 (DeclTopDecl
         :decl
         (ValDecl
             :bindings
             ((ValBind
                 :pat
                 (IdentifierPattern
                     :qualifiers
                     ()
                     :identifier
                     "6974"
                     :is_op
                     false
                     :is_prefix_op
                     false)
                 :expr
                 (FstringLiteralExpr
                     :segments
                     (
                         "6974277320"
                         "20696E207468697320"
                         "21"
                     )
                     :substitutions
                     (
                         (IdentifierExpr
                             :qualifiers
                             ()
                             :identifier
                             "666F6F"
                             :is_op
                             false
                             :is_prefix_op
                             false)
                         (IdentifierExpr
                             :qualifiers
                             ()
                             :identifier
                             "626172"
                             :is_op
                             false
                             :is_prefix_op
                             false)
                     ))
                 :rec
                 false))
             :explicit_type_vars
             ()))
0002 (DeclTopDecl
         :decl
         (ValDecl
             :bindings
             ((ValBind
                 :pat
                 (IdentifierPattern
                     :qualifiers
                     ()
                     :identifier
                     "6974"
                     :is_op
                     false
                     :is_prefix_op
                     false)
                 :expr
                 (FstringLiteralExpr
                     :segments
                     (
                         "5468657265666F72652C2027612720697320"
                         ""
                     )
                     :substitutions
                     ((LetExpr
                         :decls
                         ((ValDecl
                             :bindings
                             ((ValBind
                                 :pat
                                 (IdentifierPattern
                                     :qualifiers
                                     ()
                                     :identifier
                                     "61"
                                     :is_op
                                     false
                                     :is_prefix_op
                                     false)
                                 :expr
                                 (BigintLiteralExpr
                                     :val
                                     1)
                                 :rec
                                 false))
                             :explicit_type_vars
                             ()))
                         :exprs
                         ((IdentifierExpr
                             :qualifiers
                             ()
                             :identifier
                             "61"
                             :is_op
                             false
                             :is_prefix_op
                             false)))))
                 :rec
                 false))
             :explicit_type_vars
             ()))
0007 (DeclTopDecl
         :decl
         (ValDecl
             :bindings
             ((ValBind
                 :pat
                 (IdentifierPattern
                     :qualifiers
                     ()
                     :identifier
                     "6974"
                     :is_op
                     false
                     :is_prefix_op
                     false)
                 :expr
                 (FstringLiteralExpr
                     :segments
                     (
                         "4865726527732061207265636F72643A20"
                         ""
                     )
                     :substitutions
                     ((RecordExpr
                         :rows
                         (
                             (RecRowExpr
                                 :label
                                 "666F6F"
                                 :val
                                 (BigintLiteralExpr
                                     :val
                                     1))
                             (RecRowExpr
                                 :label
                                 "626172"
                                 :val
                                 (BigintLiteralExpr
                                     :val
                                     2))
                         ))))
                 :rec
                 false))
             :explicit_type_vars
             ()))
0008 (EndOfFileTopDecl)
