0001 (ExprTopDecl
         :expr
         (IdentifierExpr
             :qualifiers
             ()
             :identifier
             "616263"
             :is_op
             false
             :is_prefix_op
             false))
0001 (ExprTopDecl
         :expr
         (IdentifierExpr
             :qualifiers
             (
                 "666F6F"
                 "626172"
             )
             :identifier
             "62617A"
             :is_op
             false
             :is_prefix_op
             false))
0002 (ExprTopDecl
         :expr
         (IdentifierExpr
             :qualifiers
             ()
             :identifier
             "2B2B"
             :is_op
             true
             :is_prefix_op
             false))
0002 (ExprTopDecl
         :expr
         (IdentifierExpr
             :qualifiers
             ()
             :identifier
             "5C3D"
             :is_op
             true
             :is_prefix_op
             true))
0002 (ExprTopDecl
         :expr
         (IdentifierExpr
             :qualifiers
             ("666F6F")
             :identifier
             "5C"
             :is_op
             true
             :is_prefix_op
             true))
0002 (ExprTopDecl
         :expr
         (IdentifierExpr
             :qualifiers
             (
                 "666F6F"
                 "626172"
             )
             :identifier
             "2B2B"
             :is_op
             true
             :is_prefix_op
             false))
0003 ERROR
0004 ERROR
0005 (EndOfFileTopDecl)
