0001 (ExprTopDecl
         :expr
         (LetExpr
             :decls
             (
                 (ValDecl
                     :bindings
                     (((IdentifierPattern
                         :qualifiers
                         ()
                         :identifier
                         "61"
                         :is_op
                         false
                         :is_prefix_op
                         false)
                       . (BigintLiteralExpr
                             :val
                             1))))
                 (ValDecl
                     :bindings
                     (((IdentifierPattern
                         :qualifiers
                         ()
                         :identifier
                         "62"
                         :is_op
                         false
                         :is_prefix_op
                         false)
                       . (IdentifierExpr
                             :qualifiers
                             ()
                             :identifier
                             "666F6F"
                             :is_op
                             false
                             :is_prefix_op
                             false))))
             )
             :exprs
             ((IdentifierExpr
                 :qualifiers
                 ()
                 :identifier
                 "62"
                 :is_op
                 false
                 :is_prefix_op
                 false))))
0002 (ExprTopDecl
         :expr
         (LetExpr
             :decls
             (
                 (ValDecl
                     :bindings
                     (((IdentifierPattern
                         :qualifiers
                         ()
                         :identifier
                         "61"
                         :is_op
                         false
                         :is_prefix_op
                         false)
                       . (BigintLiteralExpr
                             :val
                             1))))
                 (ValDecl
                     :bindings
                     (((IdentifierPattern
                         :qualifiers
                         ()
                         :identifier
                         "62"
                         :is_op
                         false
                         :is_prefix_op
                         false)
                       . (IdentifierExpr
                             :qualifiers
                             ()
                             :identifier
                             "666F6F"
                             :is_op
                             false
                             :is_prefix_op
                             false))))
             )
             :exprs
             (
                 (UnitExpr)
                 (IdentifierExpr
                     :qualifiers
                     ()
                     :identifier
                     "62"
                     :is_op
                     false
                     :is_prefix_op
                     false)
             )))
0009 ERROR
0010 ERROR
0011 ERROR
0012 ERROR
0013 ERROR
0014 (EndOfFileTopDecl)
