0001 (DeclTopDecl
         :decls
         ((ValDecl
             :bindings
             ((ValBind
                 :pat
                 (IdentifierPattern
                     :qualifiers
                     ()
                     :identifier
                     "6974"
                     :is_op
                     false
                     :is_prefix_op
                     false)
                 :expr
                 (LetExpr
                     :decls
                     (
                         (ValDecl
                             :bindings
                             ((ValBind
                                 :pat
                                 (IdentifierPattern
                                     :qualifiers
                                     ()
                                     :identifier
                                     "61"
                                     :is_op
                                     false
                                     :is_prefix_op
                                     false)
                                 :expr
                                 (BigintLiteralExpr
                                     :val
                                     1)
                                 :rec
                                 false))
                             :explicit_type_vars
                             ())
                         (ValDecl
                             :bindings
                             ((ValBind
                                 :pat
                                 (IdentifierPattern
                                     :qualifiers
                                     ()
                                     :identifier
                                     "62"
                                     :is_op
                                     false
                                     :is_prefix_op
                                     false)
                                 :expr
                                 (IdentifierExpr
                                     :qualifiers
                                     ()
                                     :identifier
                                     "666F6F"
                                     :is_op
                                     false
                                     :is_prefix_op
                                     false)
                                 :rec
                                 false))
                             :explicit_type_vars
                             ())
                     )
                     :exprs
                     ((IdentifierExpr
                         :qualifiers
                         ()
                         :identifier
                         "62"
                         :is_op
                         false
                         :is_prefix_op
                         false)))
                 :rec
                 false))
             :explicit_type_vars
             ())))
0002 (DeclTopDecl
         :decls
         ((ValDecl
             :bindings
             ((ValBind
                 :pat
                 (IdentifierPattern
                     :qualifiers
                     ()
                     :identifier
                     "6974"
                     :is_op
                     false
                     :is_prefix_op
                     false)
                 :expr
                 (LetExpr
                     :decls
                     (
                         (ValDecl
                             :bindings
                             ((ValBind
                                 :pat
                                 (IdentifierPattern
                                     :qualifiers
                                     ()
                                     :identifier
                                     "61"
                                     :is_op
                                     false
                                     :is_prefix_op
                                     false)
                                 :expr
                                 (BigintLiteralExpr
                                     :val
                                     1)
                                 :rec
                                 false))
                             :explicit_type_vars
                             ())
                         (ValDecl
                             :bindings
                             ((ValBind
                                 :pat
                                 (IdentifierPattern
                                     :qualifiers
                                     ()
                                     :identifier
                                     "62"
                                     :is_op
                                     false
                                     :is_prefix_op
                                     false)
                                 :expr
                                 (IdentifierExpr
                                     :qualifiers
                                     ()
                                     :identifier
                                     "666F6F"
                                     :is_op
                                     false
                                     :is_prefix_op
                                     false)
                                 :rec
                                 false))
                             :explicit_type_vars
                             ())
                     )
                     :exprs
                     (
                         (UnitExpr)
                         (IdentifierExpr
                             :qualifiers
                             ()
                             :identifier
                             "62"
                             :is_op
                             false
                             :is_prefix_op
                             false)
                     ))
                 :rec
                 false))
             :explicit_type_vars
             ())))
0009 ERROR
0010 ERROR
0011 ERROR
0012 ERROR
0013 ERROR
0014 (EndOfFileTopDecl)
