0001 (ExprTopDecl
         :expr
         (ListExpr
             :exprs
             ()))
0002 (ExprTopDecl
         :expr
         (ListExpr
             :exprs
             (
                 (BigintLiteralExpr
                     :val
                     1)
                 (BigintLiteralExpr
                     :val
                     2)
                 (IdentifierExpr
                     :qualifiers
                     ()
                     :identifier
                     "666F6F"
                     :is_op
                     false
                     :is_prefix_op
                     false)
             )))
0003 (ExprTopDecl
         :expr
         (ListExpr
             :exprs
             (
                 (StringLiteralExpr
                     :val
                     "626172")
                 (IdentifierExpr
                     :qualifiers
                     ()
                     :identifier
                     "62617A"
                     :is_op
                     false
                     :is_prefix_op
                     false)
             )))
0004 (ExprTopDecl
         :expr
         (ListExpr
             :exprs
             ((StringLiteralExpr
                 :val
                 "626172"))))
0005 ERROR
0006 ERROR
0007 (EndOfFileTopDecl)
