0001 (DeclTopDecl
         :decls
         ((ValDecl
             :bindings
             ((ValBind
                 :pat
                 (IdentifierPattern
                     :qualifiers
                     ()
                     :identifier
                     "6974"
                     :is_op
                     false
                     :is_prefix_op
                     false)
                 :expr
                 (BigintLiteralExpr
                     :val
                     123)
                 :rec
                 false))
             :explicit_type_vars
             ())))
0001 (DeclTopDecl
         :decls
         ((ValDecl
             :bindings
             ((ValBind
                 :pat
                 (IdentifierPattern
                     :qualifiers
                     ()
                     :identifier
                     "6974"
                     :is_op
                     false
                     :is_prefix_op
                     false)
                 :expr
                 (IntLiteralExpr
                     :val
                     123i)
                 :rec
                 false))
             :explicit_type_vars
             ())))
0001 (DeclTopDecl
         :decls
         ((ValDecl
             :bindings
             ((ValBind
                 :pat
                 (IdentifierPattern
                     :qualifiers
                     ()
                     :identifier
                     "6974"
                     :is_op
                     false
                     :is_prefix_op
                     false)
                 :expr
                 (FpLiteralExpr
                     :val
                     123.000000)
                 :rec
                 false))
             :explicit_type_vars
             ())))
0002 (DeclTopDecl
         :decls
         ((ValDecl
             :bindings
             ((ValBind
                 :pat
                 (IdentifierPattern
                     :qualifiers
                     ()
                     :identifier
                     "6974"
                     :is_op
                     false
                     :is_prefix_op
                     false)
                 :expr
                 (StringLiteralExpr
                     :val
                     "68656C6C6F")
                 :rec
                 false))
             :explicit_type_vars
             ())))
0003 (DeclTopDecl
         :decls
         ((ValDecl
             :bindings
             ((ValBind
                 :pat
                 (IdentifierPattern
                     :qualifiers
                     ()
                     :identifier
                     "6974"
                     :is_op
                     false
                     :is_prefix_op
                     false)
                 :expr
                 (StringLiteralExpr
                     :val
                     "6D756C74696C696E650A6C69746572616C0A")
                 :rec
                 false))
             :explicit_type_vars
             ())))
0006 (DeclTopDecl
         :decls
         ((ValDecl
             :bindings
             ((ValBind
                 :pat
                 (IdentifierPattern
                     :qualifiers
                     ()
                     :identifier
                     "6974"
                     :is_op
                     false
                     :is_prefix_op
                     false)
                 :expr
                 (CharLiteralExpr
                     :val
                     #"\U01F603")
                 :rec
                 false))
             :explicit_type_vars
             ())))
0006 (DeclTopDecl
         :decls
         ((ValDecl
             :bindings
             ((ValBind
                 :pat
                 (IdentifierPattern
                     :qualifiers
                     ()
                     :identifier
                     "6974"
                     :is_op
                     false
                     :is_prefix_op
                     false)
                 :expr
                 (CharLiteralExpr
                     :val
                     #"a")
                 :rec
                 false))
             :explicit_type_vars
             ())))
0007 (EndOfFileTopDecl)
