0001 (DeclTopDecl
         :decls
         ())
0013 ERROR
0014 ERROR
0015 ERROR
0016 ERROR
0017 ERROR
0018 (DeclTopDecl
         :decls
         ((ValDecl
             :bindings
             ((ValBind
                 :pat
                 (IdentifierPattern
                     :qualifiers
                     ()
                     :identifier
                     "6974"
                     :is_op
                     false
                     :is_prefix_op
                     false)
                 :expr
                 (ApplicationExpr
                     :exprs
                     (
                         (IdentifierExpr
                             :qualifiers
                             ()
                             :identifier
                             "2B"
                             :is_op
                             true
                             :is_prefix_op
                             false)
                         (TupleExpr
                             :exprs
                             (
                                 (IdentifierExpr
                                     :qualifiers
                                     ()
                                     :identifier
                                     "666F6F"
                                     :is_op
                                     false
                                     :is_prefix_op
                                     false)
                                 (IdentifierExpr
                                     :qualifiers
                                     ()
                                     :identifier
                                     "626172"
                                     :is_op
                                     false
                                     :is_prefix_op
                                     false)
                             ))
                     ))
                 :rec
                 false))
             :explicit_type_vars
             ())))
0019 (DeclTopDecl
         :decls
         ((ValDecl
             :bindings
             ((ValBind
                 :pat
                 (IdentifierPattern
                     :qualifiers
                     ()
                     :identifier
                     "6974"
                     :is_op
                     false
                     :is_prefix_op
                     false)
                 :expr
                 (ApplicationExpr
                     :exprs
                     (
                         (IdentifierExpr
                             :qualifiers
                             ()
                             :identifier
                             "2B"
                             :is_op
                             true
                             :is_prefix_op
                             false)
                         (TupleExpr
                             :exprs
                             (
                                 (ApplicationExpr
                                     :exprs
                                     (
                                         (IdentifierExpr
                                             :qualifiers
                                             ()
                                             :identifier
                                             "2B"
                                             :is_op
                                             true
                                             :is_prefix_op
                                             false)
                                         (TupleExpr
                                             :exprs
                                             (
                                                 (IdentifierExpr
                                                     :qualifiers
                                                     ()
                                                     :identifier
                                                     "666F6F"
                                                     :is_op
                                                     false
                                                     :is_prefix_op
                                                     false)
                                                 (IdentifierExpr
                                                     :qualifiers
                                                     ()
                                                     :identifier
                                                     "626172"
                                                     :is_op
                                                     false
                                                     :is_prefix_op
                                                     false)
                                             ))
                                     ))
                                 (IdentifierExpr
                                     :qualifiers
                                     ()
                                     :identifier
                                     "62617A"
                                     :is_op
                                     false
                                     :is_prefix_op
                                     false)
                             ))
                     ))
                 :rec
                 false))
             :explicit_type_vars
             ())))
0020 (DeclTopDecl
         :decls
         ((ValDecl
             :bindings
             ((ValBind
                 :pat
                 (IdentifierPattern
                     :qualifiers
                     ()
                     :identifier
                     "6974"
                     :is_op
                     false
                     :is_prefix_op
                     false)
                 :expr
                 (ApplicationExpr
                     :exprs
                     (
                         (IdentifierExpr
                             :qualifiers
                             ()
                             :identifier
                             "5E"
                             :is_op
                             true
                             :is_prefix_op
                             false)
                         (TupleExpr
                             :exprs
                             (
                                 (IdentifierExpr
                                     :qualifiers
                                     ()
                                     :identifier
                                     "666F6F"
                                     :is_op
                                     false
                                     :is_prefix_op
                                     false)
                                 (IdentifierExpr
                                     :qualifiers
                                     ()
                                     :identifier
                                     "626172"
                                     :is_op
                                     false
                                     :is_prefix_op
                                     false)
                             ))
                     ))
                 :rec
                 false))
             :explicit_type_vars
             ())))
0021 (DeclTopDecl
         :decls
         ((ValDecl
             :bindings
             ((ValBind
                 :pat
                 (IdentifierPattern
                     :qualifiers
                     ()
                     :identifier
                     "6974"
                     :is_op
                     false
                     :is_prefix_op
                     false)
                 :expr
                 (ApplicationExpr
                     :exprs
                     (
                         (IdentifierExpr
                             :qualifiers
                             ()
                             :identifier
                             "5E"
                             :is_op
                             true
                             :is_prefix_op
                             false)
                         (TupleExpr
                             :exprs
                             (
                                 (IdentifierExpr
                                     :qualifiers
                                     ()
                                     :identifier
                                     "666F6F"
                                     :is_op
                                     false
                                     :is_prefix_op
                                     false)
                                 (ApplicationExpr
                                     :exprs
                                     (
                                         (IdentifierExpr
                                             :qualifiers
                                             ()
                                             :identifier
                                             "5E"
                                             :is_op
                                             true
                                             :is_prefix_op
                                             false)
                                         (TupleExpr
                                             :exprs
                                             (
                                                 (IdentifierExpr
                                                     :qualifiers
                                                     ()
                                                     :identifier
                                                     "626172"
                                                     :is_op
                                                     false
                                                     :is_prefix_op
                                                     false)
                                                 (IdentifierExpr
                                                     :qualifiers
                                                     ()
                                                     :identifier
                                                     "62617A"
                                                     :is_op
                                                     false
                                                     :is_prefix_op
                                                     false)
                                             ))
                                     ))
                             ))
                     ))
                 :rec
                 false))
             :explicit_type_vars
             ())))
0022 (DeclTopDecl
         :decls
         ((ValDecl
             :bindings
             ((ValBind
                 :pat
                 (IdentifierPattern
                     :qualifiers
                     ()
                     :identifier
                     "6974"
                     :is_op
                     false
                     :is_prefix_op
                     false)
                 :expr
                 (ApplicationExpr
                     :exprs
                     (
                         (IdentifierExpr
                             :qualifiers
                             ()
                             :identifier
                             "2D"
                             :is_op
                             true
                             :is_prefix_op
                             false)
                         (TupleExpr
                             :exprs
                             (
                                 (ApplicationExpr
                                     :exprs
                                     (
                                         (IdentifierExpr
                                             :qualifiers
                                             ()
                                             :identifier
                                             "2B"
                                             :is_op
                                             true
                                             :is_prefix_op
                                             false)
                                         (TupleExpr
                                             :exprs
                                             (
                                                 (IdentifierExpr
                                                     :qualifiers
                                                     ()
                                                     :identifier
                                                     "666F6F"
                                                     :is_op
                                                     false
                                                     :is_prefix_op
                                                     false)
                                                 (IdentifierExpr
                                                     :qualifiers
                                                     ()
                                                     :identifier
                                                     "626172"
                                                     :is_op
                                                     false
                                                     :is_prefix_op
                                                     false)
                                             ))
                                     ))
                                 (IdentifierExpr
                                     :qualifiers
                                     ()
                                     :identifier
                                     "62617A"
                                     :is_op
                                     false
                                     :is_prefix_op
                                     false)
                             ))
                     ))
                 :rec
                 false))
             :explicit_type_vars
             ())))
0023 (DeclTopDecl
         :decls
         ((ValDecl
             :bindings
             ((ValBind
                 :pat
                 (IdentifierPattern
                     :qualifiers
                     ()
                     :identifier
                     "6974"
                     :is_op
                     false
                     :is_prefix_op
                     false)
                 :expr
                 (ApplicationExpr
                     :exprs
                     (
                         (IdentifierExpr
                             :qualifiers
                             ()
                             :identifier
                             "2B"
                             :is_op
                             true
                             :is_prefix_op
                             false)
                         (TupleExpr
                             :exprs
                             (
                                 (IdentifierExpr
                                     :qualifiers
                                     ()
                                     :identifier
                                     "666F6F"
                                     :is_op
                                     false
                                     :is_prefix_op
                                     false)
                                 (ApplicationExpr
                                     :exprs
                                     (
                                         (IdentifierExpr
                                             :qualifiers
                                             ()
                                             :identifier
                                             "2F"
                                             :is_op
                                             true
                                             :is_prefix_op
                                             false)
                                         (TupleExpr
                                             :exprs
                                             (
                                                 (IdentifierExpr
                                                     :qualifiers
                                                     ()
                                                     :identifier
                                                     "626172"
                                                     :is_op
                                                     false
                                                     :is_prefix_op
                                                     false)
                                                 (IdentifierExpr
                                                     :qualifiers
                                                     ()
                                                     :identifier
                                                     "62617A"
                                                     :is_op
                                                     false
                                                     :is_prefix_op
                                                     false)
                                             ))
                                     ))
                             ))
                     ))
                 :rec
                 false))
             :explicit_type_vars
             ())))
0024 (DeclTopDecl
         :decls
         ((ValDecl
             :bindings
             ((ValBind
                 :pat
                 (IdentifierPattern
                     :qualifiers
                     ()
                     :identifier
                     "6974"
                     :is_op
                     false
                     :is_prefix_op
                     false)
                 :expr
                 (ApplicationExpr
                     :exprs
                     (
                         (IdentifierExpr
                             :qualifiers
                             ()
                             :identifier
                             "2B"
                             :is_op
                             true
                             :is_prefix_op
                             false)
                         (TupleExpr
                             :exprs
                             (
                                 (ApplicationExpr
                                     :exprs
                                     (
                                         (IdentifierExpr
                                             :qualifiers
                                             ()
                                             :identifier
                                             "2D"
                                             :is_op
                                             true
                                             :is_prefix_op
                                             true)
                                         (IdentifierExpr
                                             :qualifiers
                                             ()
                                             :identifier
                                             "666F6F"
                                             :is_op
                                             false
                                             :is_prefix_op
                                             false)
                                     ))
                                 (IdentifierExpr
                                     :qualifiers
                                     ()
                                     :identifier
                                     "626172"
                                     :is_op
                                     false
                                     :is_prefix_op
                                     false)
                             ))
                     ))
                 :rec
                 false))
             :explicit_type_vars
             ())))
0025 (DeclTopDecl
         :decls
         ((ValDecl
             :bindings
             ((ValBind
                 :pat
                 (IdentifierPattern
                     :qualifiers
                     ()
                     :identifier
                     "6974"
                     :is_op
                     false
                     :is_prefix_op
                     false)
                 :expr
                 (ApplicationExpr
                     :exprs
                     (
                         (IdentifierExpr
                             :qualifiers
                             ()
                             :identifier
                             "2B"
                             :is_op
                             true
                             :is_prefix_op
                             false)
                         (TupleExpr
                             :exprs
                             (
                                 (IdentifierExpr
                                     :qualifiers
                                     ()
                                     :identifier
                                     "666F6F"
                                     :is_op
                                     false
                                     :is_prefix_op
                                     false)
                                 (ApplicationExpr
                                     :exprs
                                     (
                                         (IdentifierExpr
                                             :qualifiers
                                             ()
                                             :identifier
                                             "2D"
                                             :is_op
                                             true
                                             :is_prefix_op
                                             true)
                                         (IdentifierExpr
                                             :qualifiers
                                             ()
                                             :identifier
                                             "626172"
                                             :is_op
                                             false
                                             :is_prefix_op
                                             false)
                                     ))
                             ))
                     ))
                 :rec
                 false))
             :explicit_type_vars
             ())))
0026 (DeclTopDecl
         :decls
         ((ValDecl
             :bindings
             ((ValBind
                 :pat
                 (IdentifierPattern
                     :qualifiers
                     ()
                     :identifier
                     "6974"
                     :is_op
                     false
                     :is_prefix_op
                     false)
                 :expr
                 (ApplicationExpr
                     :exprs
                     (
                         (IdentifierExpr
                             :qualifiers
                             ()
                             :identifier
                             "2B"
                             :is_op
                             true
                             :is_prefix_op
                             false)
                         (TupleExpr
                             :exprs
                             (
                                 (ApplicationExpr
                                     :exprs
                                     (
                                         (IdentifierExpr
                                             :qualifiers
                                             ()
                                             :identifier
                                             "2B"
                                             :is_op
                                             true
                                             :is_prefix_op
                                             false)
                                         (TupleExpr
                                             :exprs
                                             (
                                                 (IdentifierExpr
                                                     :qualifiers
                                                     ()
                                                     :identifier
                                                     "666F6F"
                                                     :is_op
                                                     false
                                                     :is_prefix_op
                                                     false)
                                                 (ApplicationExpr
                                                     :exprs
                                                     (
                                                         (IdentifierExpr
                                                             :qualifiers
                                                             ()
                                                             :identifier
                                                             "2D"
                                                             :is_op
                                                             true
                                                             :is_prefix_op
                                                             true)
                                                         (IdentifierExpr
                                                             :qualifiers
                                                             ()
                                                             :identifier
                                                             "626172"
                                                             :is_op
                                                             false
                                                             :is_prefix_op
                                                             false)
                                                     ))
                                             ))
                                     ))
                                 (ApplicationExpr
                                     :exprs
                                     (
                                         (IdentifierExpr
                                             :qualifiers
                                             ()
                                             :identifier
                                             "2D"
                                             :is_op
                                             true
                                             :is_prefix_op
                                             true)
                                         (IdentifierExpr
                                             :qualifiers
                                             ()
                                             :identifier
                                             "62617A"
                                             :is_op
                                             false
                                             :is_prefix_op
                                             false)
                                     ))
                             ))
                     ))
                 :rec
                 false))
             :explicit_type_vars
             ())))
0027 (DeclTopDecl
         :decls
         ((ValDecl
             :bindings
             ((ValBind
                 :pat
                 (IdentifierPattern
                     :qualifiers
                     ()
                     :identifier
                     "6974"
                     :is_op
                     false
                     :is_prefix_op
                     false)
                 :expr
                 (ApplicationExpr
                     :exprs
                     (
                         (IdentifierExpr
                             :qualifiers
                             ()
                             :identifier
                             "2F"
                             :is_op
                             true
                             :is_prefix_op
                             false)
                         (TupleExpr
                             :exprs
                             (
                                 (ApplicationExpr
                                     :exprs
                                     (
                                         (IdentifierExpr
                                             :qualifiers
                                             ()
                                             :identifier
                                             "2D"
                                             :is_op
                                             true
                                             :is_prefix_op
                                             true)
                                         (IdentifierExpr
                                             :qualifiers
                                             ()
                                             :identifier
                                             "666F6F"
                                             :is_op
                                             false
                                             :is_prefix_op
                                             false)
                                     ))
                                 (IdentifierExpr
                                     :qualifiers
                                     ()
                                     :identifier
                                     "626172"
                                     :is_op
                                     false
                                     :is_prefix_op
                                     false)
                             ))
                     ))
                 :rec
                 false))
             :explicit_type_vars
             ())))
0028 (DeclTopDecl
         :decls
         ((ValDecl
             :bindings
             ((ValBind
                 :pat
                 (IdentifierPattern
                     :qualifiers
                     ()
                     :identifier
                     "6974"
                     :is_op
                     false
                     :is_prefix_op
                     false)
                 :expr
                 (ApplicationExpr
                     :exprs
                     (
                         (IdentifierExpr
                             :qualifiers
                             ()
                             :identifier
                             "2D"
                             :is_op
                             true
                             :is_prefix_op
                             true)
                         (ApplicationExpr
                             :exprs
                             (
                                 (IdentifierExpr
                                     :qualifiers
                                     ()
                                     :identifier
                                     "5E"
                                     :is_op
                                     true
                                     :is_prefix_op
                                     false)
                                 (TupleExpr
                                     :exprs
                                     (
                                         (IdentifierExpr
                                             :qualifiers
                                             ()
                                             :identifier
                                             "666F6F"
                                             :is_op
                                             false
                                             :is_prefix_op
                                             false)
                                         (IdentifierExpr
                                             :qualifiers
                                             ()
                                             :identifier
                                             "626172"
                                             :is_op
                                             false
                                             :is_prefix_op
                                             false)
                                     ))
                             ))
                     ))
                 :rec
                 false))
             :explicit_type_vars
             ())))
0029 (DeclTopDecl
         :decls
         ((ValDecl
             :bindings
             ((ValBind
                 :pat
                 (IdentifierPattern
                     :qualifiers
                     ()
                     :identifier
                     "6974"
                     :is_op
                     false
                     :is_prefix_op
                     false)
                 :expr
                 (ApplicationExpr
                     :exprs
                     (
                         (IdentifierExpr
                             :qualifiers
                             ()
                             :identifier
                             "3D"
                             :is_op
                             true
                             :is_prefix_op
                             false)
                         (TupleExpr
                             :exprs
                             (
                                 (IdentifierExpr
                                     :qualifiers
                                     ()
                                     :identifier
                                     "666F6F"
                                     :is_op
                                     false
                                     :is_prefix_op
                                     false)
                                 (IdentifierExpr
                                     :qualifiers
                                     ()
                                     :identifier
                                     "626172"
                                     :is_op
                                     false
                                     :is_prefix_op
                                     false)
                             ))
                     ))
                 :rec
                 false))
             :explicit_type_vars
             ())))
0030 ERROR
0031 (DeclTopDecl
         :decls
         ((ValDecl
             :bindings
             ((ValBind
                 :pat
                 (IdentifierPattern
                     :qualifiers
                     ()
                     :identifier
                     "6974"
                     :is_op
                     false
                     :is_prefix_op
                     false)
                 :expr
                 (ApplicationExpr
                     :exprs
                     (
                         (IdentifierExpr
                             :qualifiers
                             ()
                             :identifier
                             "3D"
                             :is_op
                             true
                             :is_prefix_op
                             false)
                         (TupleExpr
                             :exprs
                             (
                                 (ApplicationExpr
                                     :exprs
                                     (
                                         (IdentifierExpr
                                             :qualifiers
                                             ()
                                             :identifier
                                             "2B"
                                             :is_op
                                             true
                                             :is_prefix_op
                                             false)
                                         (TupleExpr
                                             :exprs
                                             (
                                                 (IdentifierExpr
                                                     :qualifiers
                                                     ()
                                                     :identifier
                                                     "666F6F"
                                                     :is_op
                                                     false
                                                     :is_prefix_op
                                                     false)
                                                 (IdentifierExpr
                                                     :qualifiers
                                                     ()
                                                     :identifier
                                                     "626172"
                                                     :is_op
                                                     false
                                                     :is_prefix_op
                                                     false)
                                             ))
                                     ))
                                 (IdentifierExpr
                                     :qualifiers
                                     ()
                                     :identifier
                                     "62617A"
                                     :is_op
                                     false
                                     :is_prefix_op
                                     false)
                             ))
                     ))
                 :rec
                 false))
             :explicit_type_vars
             ())))
0032 (DeclTopDecl
         :decls
         ((ValDecl
             :bindings
             ((ValBind
                 :pat
                 (IdentifierPattern
                     :qualifiers
                     ()
                     :identifier
                     "6974"
                     :is_op
                     false
                     :is_prefix_op
                     false)
                 :expr
                 (ApplicationExpr
                     :exprs
                     (
                         (IdentifierExpr
                             :qualifiers
                             ()
                             :identifier
                             "3D"
                             :is_op
                             true
                             :is_prefix_op
                             false)
                         (TupleExpr
                             :exprs
                             (
                                 (IdentifierExpr
                                     :qualifiers
                                     ()
                                     :identifier
                                     "666F6F"
                                     :is_op
                                     false
                                     :is_prefix_op
                                     false)
                                 (ApplicationExpr
                                     :exprs
                                     (
                                         (IdentifierExpr
                                             :qualifiers
                                             ()
                                             :identifier
                                             "2B"
                                             :is_op
                                             true
                                             :is_prefix_op
                                             false)
                                         (TupleExpr
                                             :exprs
                                             (
                                                 (IdentifierExpr
                                                     :qualifiers
                                                     ()
                                                     :identifier
                                                     "626172"
                                                     :is_op
                                                     false
                                                     :is_prefix_op
                                                     false)
                                                 (IdentifierExpr
                                                     :qualifiers
                                                     ()
                                                     :identifier
                                                     "62617A"
                                                     :is_op
                                                     false
                                                     :is_prefix_op
                                                     false)
                                             ))
                                     ))
                             ))
                     ))
                 :rec
                 false))
             :explicit_type_vars
             ())))
0033 (DeclTopDecl
         :decls
         ((ValDecl
             :bindings
             ((ValBind
                 :pat
                 (IdentifierPattern
                     :qualifiers
                     ()
                     :identifier
                     "6974"
                     :is_op
                     false
                     :is_prefix_op
                     false)
                 :expr
                 (ApplicationExpr
                     :exprs
                     (
                         (IdentifierExpr
                             :qualifiers
                             ()
                             :identifier
                             "3C3C3C"
                             :is_op
                             true
                             :is_prefix_op
                             false)
                         (TupleExpr
                             :exprs
                             (
                                 (ApplicationExpr
                                     :exprs
                                     (
                                         (IdentifierExpr
                                             :qualifiers
                                             ()
                                             :identifier
                                             "3C3C3C"
                                             :is_op
                                             true
                                             :is_prefix_op
                                             false)
                                         (TupleExpr
                                             :exprs
                                             (
                                                 (IdentifierExpr
                                                     :qualifiers
                                                     ()
                                                     :identifier
                                                     "666F6F"
                                                     :is_op
                                                     false
                                                     :is_prefix_op
                                                     false)
                                                 (IdentifierExpr
                                                     :qualifiers
                                                     ()
                                                     :identifier
                                                     "626172"
                                                     :is_op
                                                     false
                                                     :is_prefix_op
                                                     false)
                                             ))
                                     ))
                                 (IdentifierExpr
                                     :qualifiers
                                     ()
                                     :identifier
                                     "62617A"
                                     :is_op
                                     false
                                     :is_prefix_op
                                     false)
                             ))
                     ))
                 :rec
                 false))
             :explicit_type_vars
             ())))
0034 (DeclTopDecl
         :decls
         ((ValDecl
             :bindings
             ((ValBind
                 :pat
                 (IdentifierPattern
                     :qualifiers
                     ()
                     :identifier
                     "6974"
                     :is_op
                     false
                     :is_prefix_op
                     false)
                 :expr
                 (ApplicationExpr
                     :exprs
                     (
                         (IdentifierExpr
                             :qualifiers
                             ()
                             :identifier
                             "3E3E3E"
                             :is_op
                             true
                             :is_prefix_op
                             false)
                         (TupleExpr
                             :exprs
                             (
                                 (IdentifierExpr
                                     :qualifiers
                                     ()
                                     :identifier
                                     "666F6F"
                                     :is_op
                                     false
                                     :is_prefix_op
                                     false)
                                 (ApplicationExpr
                                     :exprs
                                     (
                                         (IdentifierExpr
                                             :qualifiers
                                             ()
                                             :identifier
                                             "3E3E3E"
                                             :is_op
                                             true
                                             :is_prefix_op
                                             false)
                                         (TupleExpr
                                             :exprs
                                             (
                                                 (IdentifierExpr
                                                     :qualifiers
                                                     ()
                                                     :identifier
                                                     "626172"
                                                     :is_op
                                                     false
                                                     :is_prefix_op
                                                     false)
                                                 (IdentifierExpr
                                                     :qualifiers
                                                     ()
                                                     :identifier
                                                     "62617A"
                                                     :is_op
                                                     false
                                                     :is_prefix_op
                                                     false)
                                             ))
                                     ))
                             ))
                     ))
                 :rec
                 false))
             :explicit_type_vars
             ())))
0035 ERROR
0036 ERROR
0037 (DeclTopDecl
         :decls
         ((ValDecl
             :bindings
             ((ValBind
                 :pat
                 (IdentifierPattern
                     :qualifiers
                     ()
                     :identifier
                     "6974"
                     :is_op
                     false
                     :is_prefix_op
                     false)
                 :expr
                 (LetExpr
                     :decls
                     ()
                     :exprs
                     ((ApplicationExpr
                         :exprs
                         (
                             (IdentifierExpr
                                 :qualifiers
                                 ()
                                 :identifier
                                 "2A"
                                 :is_op
                                 true
                                 :is_prefix_op
                                 false)
                             (TupleExpr
                                 :exprs
                                 (
                                     (ApplicationExpr
                                         :exprs
                                         (
                                             (IdentifierExpr
                                                 :qualifiers
                                                 ()
                                                 :identifier
                                                 "2B"
                                                 :is_op
                                                 true
                                                 :is_prefix_op
                                                 false)
                                             (TupleExpr
                                                 :exprs
                                                 (
                                                     (IdentifierExpr
                                                         :qualifiers
                                                         ()
                                                         :identifier
                                                         "666F6F"
                                                         :is_op
                                                         false
                                                         :is_prefix_op
                                                         false)
                                                     (IdentifierExpr
                                                         :qualifiers
                                                         ()
                                                         :identifier
                                                         "626172"
                                                         :is_op
                                                         false
                                                         :is_prefix_op
                                                         false)
                                                 ))
                                         ))
                                     (IdentifierExpr
                                         :qualifiers
                                         ()
                                         :identifier
                                         "62617A"
                                         :is_op
                                         false
                                         :is_prefix_op
                                         false)
                                 ))
                         ))))
                 :rec
                 false))
             :explicit_type_vars
             ())))
0040 (DeclTopDecl
         :decls
         ((ValDecl
             :bindings
             ((ValBind
                 :pat
                 (IdentifierPattern
                     :qualifiers
                     ()
                     :identifier
                     "6974"
                     :is_op
                     false
                     :is_prefix_op
                     false)
                 :expr
                 (ApplicationExpr
                     :exprs
                     (
                         (IdentifierExpr
                             :qualifiers
                             ()
                             :identifier
                             "2B"
                             :is_op
                             true
                             :is_prefix_op
                             false)
                         (TupleExpr
                             :exprs
                             (
                                 (IdentifierExpr
                                     :qualifiers
                                     ()
                                     :identifier
                                     "666F6F"
                                     :is_op
                                     false
                                     :is_prefix_op
                                     false)
                                 (ApplicationExpr
                                     :exprs
                                     (
                                         (IdentifierExpr
                                             :qualifiers
                                             ()
                                             :identifier
                                             "2A"
                                             :is_op
                                             true
                                             :is_prefix_op
                                             false)
                                         (TupleExpr
                                             :exprs
                                             (
                                                 (IdentifierExpr
                                                     :qualifiers
                                                     ()
                                                     :identifier
                                                     "626172"
                                                     :is_op
                                                     false
                                                     :is_prefix_op
                                                     false)
                                                 (IdentifierExpr
                                                     :qualifiers
                                                     ()
                                                     :identifier
                                                     "62617A"
                                                     :is_op
                                                     false
                                                     :is_prefix_op
                                                     false)
                                             ))
                                     ))
                             ))
                     ))
                 :rec
                 false))
             :explicit_type_vars
             ())))
0041 (EndOfFileTopDecl)
