0001 (DeclTopDecl
         :decls
         ((ValDecl
             :bindings
             ((ValBind
                 :pat
                 (IdentifierPattern
                     :qualifiers
                     ()
                     :identifier
                     "6974"
                     :is_op
                     false
                     :is_prefix_op
                     false)
                 :expr
                 (UnitExpr)
                 :rec
                 false))
             :explicit_type_vars
             ())))
0002 (DeclTopDecl
         :decls
         ((ValDecl
             :bindings
             ((ValBind
                 :pat
                 (IdentifierPattern
                     :qualifiers
                     ()
                     :identifier
                     "6974"
                     :is_op
                     false
                     :is_prefix_op
                     false)
                 :expr
                 (RecordExpr
                     :rows
                     (
                         (RecRowExpr
                             :label
                             "666F6F"
                             :val
                             (BigintLiteralExpr
                                 :val
                                 1))
                         (RecRowExpr
                             :label
                             "626172"
                             :val
                             (IdentifierExpr
                                 :qualifiers
                                 ()
                                 :identifier
                                 "62617A"
                                 :is_op
                                 false
                                 :is_prefix_op
                                 false))
                     ))
                 :rec
                 false))
             :explicit_type_vars
             ())))
0003 (DeclTopDecl
         :decls
         ((ValDecl
             :bindings
             ((ValBind
                 :pat
                 (IdentifierPattern
                     :qualifiers
                     ()
                     :identifier
                     "6974"
                     :is_op
                     false
                     :is_prefix_op
                     false)
                 :expr
                 (TupleExpr
                     :exprs
                     (
                         (IdentifierExpr
                             :qualifiers
                             ()
                             :identifier
                             "666F6F"
                             :is_op
                             false
                             :is_prefix_op
                             false)
                         (IdentifierExpr
                             :qualifiers
                             ()
                             :identifier
                             "2B2B"
                             :is_op
                             true
                             :is_prefix_op
                             false)
                     ))
                 :rec
                 false))
             :explicit_type_vars
             ())))
0004 (DeclTopDecl
         :decls
         ((ValDecl
             :bindings
             ((ValBind
                 :pat
                 (IdentifierPattern
                     :qualifiers
                     ()
                     :identifier
                     "6974"
                     :is_op
                     false
                     :is_prefix_op
                     false)
                 :expr
                 (SequencedExpr
                     :exprs
                     (
                         (IdentifierExpr
                             :qualifiers
                             ()
                             :identifier
                             "666F6F"
                             :is_op
                             false
                             :is_prefix_op
                             false)
                         (IdentifierExpr
                             :qualifiers
                             ()
                             :identifier
                             "2B2B"
                             :is_op
                             true
                             :is_prefix_op
                             false)
                     ))
                 :rec
                 false))
             :explicit_type_vars
             ())))
0005 ERROR
0006 ERROR
0007 ERROR
0008 ERROR
0009 ERROR
0010 ERROR
0011 (EndOfFileTopDecl)
