0001 (ExprTopDecl
         :expr
         (UnitExpr))
0002 (ExprTopDecl
         :expr
         (RecordExpr
             :rows
             (
                 (RecRowSubexpr
                     :label
                     "666F6F"
                     :val
                     (BigintLiteralExpr
                         :val
                         1))
                 (RecRowSubexpr
                     :label
                     "626172"
                     :val
                     (IdentifierExpr
                         :qualifiers
                         ()
                         :identifier
                         "62617A"
                         :is_op
                         false
                         :is_prefix_op
                         false))
             )))
0003 (ExprTopDecl
         :expr
         (TupleExpr
             :exprs
             (
                 (IdentifierExpr
                     :qualifiers
                     ()
                     :identifier
                     "666F6F"
                     :is_op
                     false
                     :is_prefix_op
                     false)
                 (IdentifierExpr
                     :qualifiers
                     ()
                     :identifier
                     "2B2B"
                     :is_op
                     true
                     :is_prefix_op
                     false)
             )))
0004 (ExprTopDecl
         :expr
         (SequencedExpr
             :exprs
             (
                 (IdentifierExpr
                     :qualifiers
                     ()
                     :identifier
                     "666F6F"
                     :is_op
                     false
                     :is_prefix_op
                     false)
                 (IdentifierExpr
                     :qualifiers
                     ()
                     :identifier
                     "2B2B"
                     :is_op
                     true
                     :is_prefix_op
                     false)
             )))
0005 ERROR
0006 ERROR
0007 ERROR
0008 ERROR
0009 ERROR
0009 ERROR
0010 ERROR
0011 (EndOfFileTopDecl)
