0001 (ExprTopDecl
         :expr
         (TypedExpr
             :expr
             (IdentifierExpr
                 :qualifiers
                 ()
                 :identifier
                 "666F6F"
                 :is_op
                 false
                 :is_prefix_op
                 false)
             :type
             (VarType
                 :id
                 "2761")))
0002 (ExprTopDecl
         :expr
         (TypedExpr
             :expr
             (IdentifierExpr
                 :qualifiers
                 ()
                 :identifier
                 "666F6F"
                 :is_op
                 false
                 :is_prefix_op
                 false)
             :type
             (TyconType
                 :qualifiers
                 ()
                 :identifier
                 "6C697374"
                 :types
                 ((VarType
                     :id
                     "2761")))))
0003 (ExprTopDecl
         :expr
         (TypedExpr
             :expr
             (IdentifierExpr
                 :qualifiers
                 ()
                 :identifier
                 "666F6F"
                 :is_op
                 false
                 :is_prefix_op
                 false)
             :type
             (TyconType
                 :qualifiers
                 ()
                 :identifier
                 "6C697374"
                 :types
                 ((TyconType
                     :qualifiers
                     ()
                     :identifier
                     "6C697374"
                     :types
                     ((VarType
                         :id
                         "2761")))))))
0004 (ExprTopDecl
         :expr
         (TypedExpr
             :expr
             (IdentifierExpr
                 :qualifiers
                 ()
                 :identifier
                 "666F6F"
                 :is_op
                 false
                 :is_prefix_op
                 false)
             :type
             (TyconType
                 :qualifiers
                 ()
                 :identifier
                 "626967696E74"
                 :types
                 ())))
0005 (ExprTopDecl
         :expr
         (TypedExpr
             :expr
             (IdentifierExpr
                 :qualifiers
                 ()
                 :identifier
                 "666F6F"
                 :is_op
                 false
                 :is_prefix_op
                 false)
             :type
             (TyconType
                 :qualifiers
                 ("44696374")
                 :identifier
                 "64696374"
                 :types
                 (
                     (TyconType
                         :qualifiers
                         ()
                         :identifier
                         "737472696E67"
                         :types
                         ())
                     (TyconType
                         :qualifiers
                         ()
                         :identifier
                         "6C697374"
                         :types
                         ((VarType
                             :id
                             "2761")))
                 ))))
0006 (ExprTopDecl
         :expr
         (TypedExpr
             :expr
             (IdentifierExpr
                 :qualifiers
                 ()
                 :identifier
                 "666F6F"
                 :is_op
                 false
                 :is_prefix_op
                 false)
             :type
             (TyconType
                 :qualifiers
                 ()
                 :identifier
                 "6C697374"
                 :types
                 ((TyconType
                     :qualifiers
                     ()
                     :identifier
                     "6C697374"
                     :types
                     ((VarType
                         :id
                         "2761")))))))
0007 (ExprTopDecl
         :expr
         (TypedExpr
             :expr
             (IdentifierExpr
                 :qualifiers
                 ()
                 :identifier
                 "666F6F"
                 :is_op
                 false
                 :is_prefix_op
                 false)
             :type
             (TyconType
                 :qualifiers
                 ()
                 :identifier
                 "6C697374"
                 :types
                 ((VarType
                     :id
                     "2761")))))
0008 (ExprTopDecl
         :expr
         (TypedExpr
             :expr
             (IdentifierExpr
                 :qualifiers
                 ()
                 :identifier
                 "666F6F"
                 :is_op
                 false
                 :is_prefix_op
                 false)
             :type
             (TyconType
                 :qualifiers
                 ("44696374")
                 :identifier
                 "64696374"
                 :types
                 (
                     (TyconType
                         :qualifiers
                         ()
                         :identifier
                         "737472696E67"
                         :types
                         ())
                     (TyconType
                         :qualifiers
                         ()
                         :identifier
                         "6C697374"
                         :types
                         ((VarType
                             :id
                             "2761")))
                 ))))
0009 (ExprTopDecl
         :expr
         (TypedExpr
             :expr
             (IdentifierExpr
                 :qualifiers
                 ()
                 :identifier
                 "666F6F"
                 :is_op
                 false
                 :is_prefix_op
                 false)
             :type
             (RecordType
                 :rows
                 (
                     ("626172"
                       . (TyconType
                             :qualifiers
                             ("44696374")
                             :identifier
                             "64696374"
                             :types
                             (
                                 (TyconType
                                     :qualifiers
                                     ()
                                     :identifier
                                     "737472696E67"
                                     :types
                                     ())
                                 (TyconType
                                     :qualifiers
                                     ()
                                     :identifier
                                     "6C697374"
                                     :types
                                     ((VarType
                                         :id
                                         "2761")))
                             )))
                     ("62617A"
                       . (TyconType
                             :qualifiers
                             ()
                             :identifier
                             "626967696E74"
                             :types
                             ()))
                     ("71757578"
                       . (FuncType
                             :param
                             (VarType
                                 :id
                                 "2761")
                             :ret
                             (TyconType
                                 :qualifiers
                                 ()
                                 :identifier
                                 "737472696E67"
                                 :types
                                 ())))
                 ))))
0010 (ExprTopDecl
         :expr
         (TypedExpr
             :expr
             (IdentifierExpr
                 :qualifiers
                 ()
                 :identifier
                 "666F6F"
                 :is_op
                 false
                 :is_prefix_op
                 false)
             :type
             (TupleType
                 :types
                 (
                     (TyconType
                         :qualifiers
                         ()
                         :identifier
                         "626967696E74"
                         :types
                         ())
                     (TyconType
                         :qualifiers
                         ()
                         :identifier
                         "737472696E67"
                         :types
                         ())
                 ))))
0011 (ExprTopDecl
         :expr
         (TypedExpr
             :expr
             (IdentifierExpr
                 :qualifiers
                 ()
                 :identifier
                 "666F6F"
                 :is_op
                 false
                 :is_prefix_op
                 false)
             :type
             (FuncType
                 :param
                 (TyconType
                     :qualifiers
                     ()
                     :identifier
                     "626967696E74"
                     :types
                     ())
                 :ret
                 (TyconType
                     :qualifiers
                     ()
                     :identifier
                     "737472696E67"
                     :types
                     ()))))
0012 (ExprTopDecl
         :expr
         (TypedExpr
             :expr
             (IdentifierExpr
                 :qualifiers
                 ()
                 :identifier
                 "666F6F"
                 :is_op
                 false
                 :is_prefix_op
                 false)
             :type
             (TupleType
                 :types
                 (
                     (TyconType
                         :qualifiers
                         ()
                         :identifier
                         "626967696E74"
                         :types
                         ())
                     (TyconType
                         :qualifiers
                         ()
                         :identifier
                         "6C697374"
                         :types
                         ((VarType
                             :id
                             "2761")))
                     (TupleType
                         :types
                         (
                             (TyconType
                                 :qualifiers
                                 ()
                                 :identifier
                                 "626967696E74"
                                 :types
                                 ())
                             (TyconType
                                 :qualifiers
                                 ()
                                 :identifier
                                 "737472696E67"
                                 :types
                                 ())
                         ))
                     (TyconType
                         :qualifiers
                         ()
                         :identifier
                         "666C6F6174"
                         :types
                         ())
                 ))))
0013 (ExprTopDecl
         :expr
         (TypedExpr
             :expr
             (IdentifierExpr
                 :qualifiers
                 ()
                 :identifier
                 "666F6F"
                 :is_op
                 false
                 :is_prefix_op
                 false)
             :type
             (FuncType
                 :param
                 (TupleType
                     :types
                     (
                         (VarType
                             :id
                             "2761")
                         (VarType
                             :id
                             "2762")
                     ))
                 :ret
                 (FuncType
                     :param
                     (TupleType
                         :types
                         (
                             (VarType
                                 :id
                                 "2763")
                             (TyconType
                                 :qualifiers
                                 ()
                                 :identifier
                                 "626967696E74"
                                 :types
                                 ())
                             (TyconType
                                 :qualifiers
                                 ()
                                 :identifier
                                 "737472696E67"
                                 :types
                                 ())
                             (FuncType
                                 :param
                                 (TyconType
                                     :qualifiers
                                     ()
                                     :identifier
                                     "626967696E74"
                                     :types
                                     ())
                                 :ret
                                 (TyconType
                                     :qualifiers
                                     ()
                                     :identifier
                                     "666C6F6174"
                                     :types
                                     ()))
                         ))
                     :ret
                     (TyconType
                         :qualifiers
                         ()
                         :identifier
                         "626967696E74"
                         :types
                         ())))))
0014 ERROR
0015 (EndOfFileTopDecl)
