0001 (DeclTopDecl
         :decl
         (ValDecl
             :bindings
             ((ValBind
                 :pat
                 (IdentifierPattern
                     :qualifiers
                     ()
                     :identifier
                     "666F6F"
                     :is_op
                     false
                     :is_prefix_op
                     false)
                 :expr
                 (IdentifierExpr
                     :qualifiers
                     ()
                     :identifier
                     "626172"
                     :is_op
                     false
                     :is_prefix_op
                     false)
                 :rec
                 false))
             :explicit_type_vars
             ()))
0002 (DeclTopDecl
         :decl
         (ValDecl
             :bindings
             ((ValBind
                 :pat
                 (IdentifierPattern
                     :qualifiers
                     ()
                     :identifier
                     "666F6F"
                     :is_op
                     false
                     :is_prefix_op
                     false)
                 :expr
                 (IdentifierExpr
                     :qualifiers
                     ("626172")
                     :identifier
                     "62617A"
                     :is_op
                     false
                     :is_prefix_op
                     false)
                 :rec
                 false))
             :explicit_type_vars
             ()))
0003 (DeclTopDecl
         :decl
         (ValDecl
             :bindings
             ((ValBind
                 :pat
                 (LayeredPattern
                     :identifier
                     "666F6F"
                     :pattern
                     (TuplePattern
                         :patterns
                         (
                             (IdentifierPattern
                                 :qualifiers
                                 ()
                                 :identifier
                                 "6E756D"
                                 :is_op
                                 false
                                 :is_prefix_op
                                 false)
                             (IdentifierPattern
                                 :qualifiers
                                 ()
                                 :identifier
                                 "737472"
                                 :is_op
                                 false
                                 :is_prefix_op
                                 false)
                         )))
                 :expr
                 (TupleExpr
                     :exprs
                     (
                         (BigintLiteralExpr
                             :val
                             1)
                         (StringLiteralExpr
                             :val
                             "626172")
                     ))
                 :rec
                 false))
             :explicit_type_vars
             ()))
0004 (DeclTopDecl
         :decl
         (ValDecl
             :bindings
             ((ValBind
                 :pat
                 (TuplePattern
                     :patterns
                     (
                         (IdentifierPattern
                             :qualifiers
                             ()
                             :identifier
                             "6E756D"
                             :is_op
                             false
                             :is_prefix_op
                             false)
                         (WildcardPattern)
                     ))
                 :expr
                 (TupleExpr
                     :exprs
                     (
                         (BigintLiteralExpr
                             :val
                             1)
                         (StringLiteralExpr
                             :val
                             "626172")
                     ))
                 :rec
                 false))
             :explicit_type_vars
             ()))
0005 (DeclTopDecl
         :decl
         (ValDecl
             :bindings
             ((ValBind
                 :pat
                 (WildcardPattern)
                 :expr
                 (IdentifierExpr
                     :qualifiers
                     ()
                     :identifier
                     "666F6F"
                     :is_op
                     false
                     :is_prefix_op
                     false)
                 :rec
                 false))
             :explicit_type_vars
             ()))
0006 (DeclTopDecl
         :decl
         (ValDecl
             :bindings
             ((ValBind
                 :pat
                 (IdentifierPattern
                     :qualifiers
                     ()
                     :identifier
                     "2B2B"
                     :is_op
                     true
                     :is_prefix_op
                     false)
                 :expr
                 (IdentifierExpr
                     :qualifiers
                     ()
                     :identifier
                     "2B"
                     :is_op
                     true
                     :is_prefix_op
                     false)
                 :rec
                 false))
             :explicit_type_vars
             ()))
0007 (DeclTopDecl
         :decl
         (ValDecl
             :bindings
             ((ValBind
                 :pat
                 (IdentifierPattern
                     :qualifiers
                     ()
                     :identifier
                     "2B"
                     :is_op
                     true
                     :is_prefix_op
                     true)
                 :expr
                 (FnExpr
                     :cases
                     (((IdentifierPattern
                         :qualifiers
                         ()
                         :identifier
                         "78"
                         :is_op
                         false
                         :is_prefix_op
                         false)
                       . (IdentifierExpr
                             :qualifiers
                             ()
                             :identifier
                             "78"
                             :is_op
                             false
                             :is_prefix_op
                             false))))
                 :rec
                 false))
             :explicit_type_vars
             ()))
0008 (DeclTopDecl
         :decl
         (ValDecl
             :bindings
             ((ValBind
                 :pat
                 (IdentifierPattern
                     :qualifiers
                     (
                         "666F6F"
                         "626172"
                     )
                     :identifier
                     "62617A"
                     :is_op
                     false
                     :is_prefix_op
                     false)
                 :expr
                 (IdentifierExpr
                     :qualifiers
                     ()
                     :identifier
                     "74"
                     :is_op
                     false
                     :is_prefix_op
                     false)
                 :rec
                 false))
             :explicit_type_vars
             ()))
0009 (DeclTopDecl
         :decl
         (ValDecl
             :bindings
             ((ValBind
                 :pat
                 (RecordPattern
                     :rows
                     (
                         (RecRowPattern
                             :label
                             "666F6F"
                             :pattern
                             (IdentifierPattern
                                 :qualifiers
                                 ()
                                 :identifier
                                 "666F6F"
                                 :is_op
                                 false
                                 :is_prefix_op
                                 false))
                         (RecRowPattern
                             :label
                             "626172"
                             :pattern
                             (LayeredPattern
                                 :identifier
                                 "626172"
                                 :pattern
                                 (TuplePattern
                                     :patterns
                                     (
                                         (IdentifierPattern
                                             :qualifiers
                                             ()
                                             :identifier
                                             "62617A"
                                             :is_op
                                             false
                                             :is_prefix_op
                                             false)
                                         (IdentifierPattern
                                             :qualifiers
                                             ()
                                             :identifier
                                             "71757578"
                                             :is_op
                                             false
                                             :is_prefix_op
                                             false)
                                     ))))
                         (RecRowPattern
                             :label
                             "77616C646F"
                             :pattern
                             (LiteralPattern
                                 :val
                                 (BigintLiteralExpr
                                     :val
                                     2)))
                     )
                     :has_wildcard
                     true)
                 :expr
                 (IdentifierExpr
                     :qualifiers
                     ()
                     :identifier
                     "78797A7A79"
                     :is_op
                     false
                     :is_prefix_op
                     false)
                 :rec
                 false))
             :explicit_type_vars
             ()))
0010 (DeclTopDecl
         :decl
         (ValDecl
             :bindings
             ((ValBind
                 :pat
                 (TuplePattern
                     :patterns
                     ())
                 :expr
                 (IdentifierExpr
                     :qualifiers
                     ()
                     :identifier
                     "666F6F"
                     :is_op
                     false
                     :is_prefix_op
                     false)
                 :rec
                 false))
             :explicit_type_vars
             ()))
0011 (DeclTopDecl
         :decl
         (ValDecl
             :bindings
             ((ValBind
                 :pat
                 (TuplePattern
                     :patterns
                     (
                         (IdentifierPattern
                             :qualifiers
                             ()
                             :identifier
                             "666F6F"
                             :is_op
                             false
                             :is_prefix_op
                             false)
                         (WildcardPattern)
                         (IdentifierPattern
                             :qualifiers
                             ()
                             :identifier
                             "2B2B"
                             :is_op
                             true
                             :is_prefix_op
                             false)
                         (IdentifierPattern
                             :qualifiers
                             ()
                             :identifier
                             "3D"
                             :is_op
                             true
                             :is_prefix_op
                             false)
                         (IdentifierPattern
                             :qualifiers
                             ()
                             :identifier
                             "2A"
                             :is_op
                             true
                             :is_prefix_op
                             false)
                         (IdentifierPattern
                             :qualifiers
                             ()
                             :identifier
                             "626172"
                             :is_op
                             false
                             :is_prefix_op
                             false)
                     ))
                 :expr
                 (IdentifierExpr
                     :qualifiers
                     ()
                     :identifier
                     "62617A"
                     :is_op
                     false
                     :is_prefix_op
                     false)
                 :rec
                 false))
             :explicit_type_vars
             ()))
0012 (DeclTopDecl
         :decl
         (ValDecl
             :bindings
             ((ValBind
                 :pat
                 (ListPattern
                     :patterns
                     ())
                 :expr
                 (IdentifierExpr
                     :qualifiers
                     ()
                     :identifier
                     "666F6F"
                     :is_op
                     false
                     :is_prefix_op
                     false)
                 :rec
                 false))
             :explicit_type_vars
             ()))
0013 (DeclTopDecl
         :decl
         (ValDecl
             :bindings
             ((ValBind
                 :pat
                 (ListPattern
                     :patterns
                     (
                         (LayeredPattern
                             :identifier
                             "666F6F"
                             :pattern
                             (TuplePattern
                                 :patterns
                                 (
                                     (WildcardPattern)
                                     (IdentifierPattern
                                         :qualifiers
                                         ()
                                         :identifier
                                         "626172"
                                         :is_op
                                         false
                                         :is_prefix_op
                                         false)
                                 )))
                         (IdentifierPattern
                             :qualifiers
                             ()
                             :identifier
                             "62617A"
                             :is_op
                             false
                             :is_prefix_op
                             false)
                         (RecordPattern
                             :rows
                             (
                                 (RecRowPattern
                                     :label
                                     "71757578"
                                     :pattern
                                     (IdentifierPattern
                                         :qualifiers
                                         ()
                                         :identifier
                                         "71757578"
                                         :is_op
                                         false
                                         :is_prefix_op
                                         false))
                                 (RecRowPattern
                                     :label
                                     "77616C646F"
                                     :pattern
                                     (TuplePattern
                                         :patterns
                                         (
                                             (IdentifierPattern
                                                 :qualifiers
                                                 ()
                                                 :identifier
                                                 "78797A7A79"
                                                 :is_op
                                                 false
                                                 :is_prefix_op
                                                 false)
                                             (IdentifierPattern
                                                 :qualifiers
                                                 ()
                                                 :identifier
                                                 "706C756768"
                                                 :is_op
                                                 false
                                                 :is_prefix_op
                                                 false)
                                         )))
                             )
                             :has_wildcard
                             false)
                         (WildcardPattern)
                     ))
                 :expr
                 (IdentifierExpr
                     :qualifiers
                     ()
                     :identifier
                     "677261756C74"
                     :is_op
                     false
                     :is_prefix_op
                     false)
                 :rec
                 false))
             :explicit_type_vars
             ()))
0014 (DeclTopDecl
         :decl
         (ValDecl
             :bindings
             ((ValBind
                 :pat
                 (DatatypePattern
                     :constructor
                     (IdentifierPattern
                         :qualifiers
                         ()
                         :identifier
                         "466F6F"
                         :is_op
                         false
                         :is_prefix_op
                         false)
                     :arg
                     (IdentifierPattern
                         :qualifiers
                         ()
                         :identifier
                         "626172"
                         :is_op
                         false
                         :is_prefix_op
                         false))
                 :expr
                 (IdentifierExpr
                     :qualifiers
                     ()
                     :identifier
                     "62617A"
                     :is_op
                     false
                     :is_prefix_op
                     false)
                 :rec
                 false))
             :explicit_type_vars
             ()))
0015 (DeclTopDecl
         :decl
         (ValDecl
             :bindings
             ((ValBind
                 :pat
                 (DatatypePattern
                     :constructor
                     (IdentifierPattern
                         :qualifiers
                         ()
                         :identifier
                         "3A3A"
                         :is_op
                         true
                         :is_prefix_op
                         false)
                     :arg
                     (TuplePattern
                         :patterns
                         (
                             (IdentifierPattern
                                 :qualifiers
                                 ()
                                 :identifier
                                 "666F6F"
                                 :is_op
                                 false
                                 :is_prefix_op
                                 false)
                             (IdentifierPattern
                                 :qualifiers
                                 ()
                                 :identifier
                                 "626172"
                                 :is_op
                                 false
                                 :is_prefix_op
                                 false)
                         )))
                 :expr
                 (IdentifierExpr
                     :qualifiers
                     ()
                     :identifier
                     "62617A"
                     :is_op
                     false
                     :is_prefix_op
                     false)
                 :rec
                 false))
             :explicit_type_vars
             ()))
0016 (DeclTopDecl
         :decl
         (ValDecl
             :bindings
             ((ValBind
                 :pat
                 (DatatypePattern
                     :constructor
                     (IdentifierPattern
                         :qualifiers
                         ()
                         :identifier
                         "7E"
                         :is_op
                         true
                         :is_prefix_op
                         true)
                     :arg
                     (IdentifierPattern
                         :qualifiers
                         ()
                         :identifier
                         "666F6F"
                         :is_op
                         false
                         :is_prefix_op
                         false))
                 :expr
                 (IdentifierExpr
                     :qualifiers
                     ()
                     :identifier
                     "626172"
                     :is_op
                     false
                     :is_prefix_op
                     false)
                 :rec
                 false))
             :explicit_type_vars
             ()))
0018 ERROR
0019 ERROR
0020 ERROR
0021 ERROR
0022 ERROR
0023 (DeclTopDecl
         :decl
         (ValDecl
             :bindings
             ((ValBind
                 :pat
                 (TypedPattern
                     :pattern
                     (IdentifierPattern
                         :qualifiers
                         ()
                         :identifier
                         "666F6F"
                         :is_op
                         false
                         :is_prefix_op
                         false)
                     :type
                     (TyconTypeExpr
                         :qualifiers
                         ()
                         :identifier
                         "626967696E74"
                         :types
                         ()))
                 :expr
                 (IdentifierExpr
                     :qualifiers
                     ()
                     :identifier
                     "62617A"
                     :is_op
                     false
                     :is_prefix_op
                     false)
                 :rec
                 false))
             :explicit_type_vars
             ()))
0024 (DeclTopDecl
         :decl
         (ValDecl
             :bindings
             ((ValBind
                 :pat
                 (TypedPattern
                     :pattern
                     (LayeredPattern
                         :identifier
                         "666F6F"
                         :pattern
                         (TuplePattern
                             :patterns
                             (
                                 (IdentifierPattern
                                     :qualifiers
                                     ()
                                     :identifier
                                     "6E756D"
                                     :is_op
                                     false
                                     :is_prefix_op
                                     false)
                                 (IdentifierPattern
                                     :qualifiers
                                     ()
                                     :identifier
                                     "737472"
                                     :is_op
                                     false
                                     :is_prefix_op
                                     false)
                             )))
                     :type
                     (TupleTypeExpr
                         :types
                         (
                             (TyconTypeExpr
                                 :qualifiers
                                 ()
                                 :identifier
                                 "626967696E74"
                                 :types
                                 ())
                             (TyconTypeExpr
                                 :qualifiers
                                 ()
                                 :identifier
                                 "737472696E67"
                                 :types
                                 ())
                         )))
                 :expr
                 (IdentifierExpr
                     :qualifiers
                     ()
                     :identifier
                     "62617A"
                     :is_op
                     false
                     :is_prefix_op
                     false)
                 :rec
                 false))
             :explicit_type_vars
             ()))
0025 (DeclTopDecl
         :decl
         (ValDecl
             :bindings
             ((ValBind
                 :pat
                 (LayeredPattern
                     :identifier
                     "666F6F"
                     :pattern
                     (TuplePattern
                         :patterns
                         (
                             (TypedPattern
                                 :pattern
                                 (IdentifierPattern
                                     :qualifiers
                                     ()
                                     :identifier
                                     "6E756D"
                                     :is_op
                                     false
                                     :is_prefix_op
                                     false)
                                 :type
                                 (TyconTypeExpr
                                     :qualifiers
                                     ()
                                     :identifier
                                     "626967696E74"
                                     :types
                                     ()))
                             (TypedPattern
                                 :pattern
                                 (IdentifierPattern
                                     :qualifiers
                                     ()
                                     :identifier
                                     "737472"
                                     :is_op
                                     false
                                     :is_prefix_op
                                     false)
                                 :type
                                 (TyconTypeExpr
                                     :qualifiers
                                     ()
                                     :identifier
                                     "737472696E67"
                                     :types
                                     ()))
                         )))
                 :expr
                 (IdentifierExpr
                     :qualifiers
                     ()
                     :identifier
                     "62617A"
                     :is_op
                     false
                     :is_prefix_op
                     false)
                 :rec
                 false))
             :explicit_type_vars
             ()))
0026 (DeclTopDecl
         :decl
         (ValDecl
             :bindings
             ((ValBind
                 :pat
                 (RecordPattern
                     :rows
                     (
                         (RecRowPattern
                             :label
                             "666F6F"
                             :pattern
                             (TypedPattern
                                 :pattern
                                 (IdentifierPattern
                                     :qualifiers
                                     ()
                                     :identifier
                                     "666F6F"
                                     :is_op
                                     false
                                     :is_prefix_op
                                     false)
                                 :type
                                 (TyconTypeExpr
                                     :qualifiers
                                     ()
                                     :identifier
                                     "626967696E74"
                                     :types
                                     ())))
                         (RecRowPattern
                             :label
                             "626172"
                             :pattern
                             (TypedPattern
                                 :pattern
                                 (LayeredPattern
                                     :identifier
                                     "626172"
                                     :pattern
                                     (TuplePattern
                                         :patterns
                                         (
                                             (IdentifierPattern
                                                 :qualifiers
                                                 ()
                                                 :identifier
                                                 "62617A"
                                                 :is_op
                                                 false
                                                 :is_prefix_op
                                                 false)
                                             (IdentifierPattern
                                                 :qualifiers
                                                 ()
                                                 :identifier
                                                 "71757578"
                                                 :is_op
                                                 false
                                                 :is_prefix_op
                                                 false)
                                         )))
                                 :type
                                 (TupleTypeExpr
                                     :types
                                     (
                                         (TyconTypeExpr
                                             :qualifiers
                                             ()
                                             :identifier
                                             "626967696E74"
                                             :types
                                             ())
                                         (TyconTypeExpr
                                             :qualifiers
                                             ()
                                             :identifier
                                             "737472696E67"
                                             :types
                                             ())
                                     ))))
                         (RecRowPattern
                             :label
                             "77616C646F"
                             :pattern
                             (TypedPattern
                                 :pattern
                                 (LiteralPattern
                                     :val
                                     (BigintLiteralExpr
                                         :val
                                         2))
                                 :type
                                 (TyconTypeExpr
                                     :qualifiers
                                     ()
                                     :identifier
                                     "626967696E74"
                                     :types
                                     ())))
                     )
                     :has_wildcard
                     true)
                 :expr
                 (IdentifierExpr
                     :qualifiers
                     ()
                     :identifier
                     "78797A7A79"
                     :is_op
                     false
                     :is_prefix_op
                     false)
                 :rec
                 false))
             :explicit_type_vars
             ()))
0030 (DeclTopDecl
         :decl
         (ValDecl
             :bindings
             (
                 (ValBind
                     :pat
                     (IdentifierPattern
                         :qualifiers
                         ()
                         :identifier
                         "666F6F"
                         :is_op
                         false
                         :is_prefix_op
                         false)
                     :expr
                     (BigintLiteralExpr
                         :val
                         1)
                     :rec
                     false)
                 (ValBind
                     :pat
                     (IdentifierPattern
                         :qualifiers
                         ()
                         :identifier
                         "626172"
                         :is_op
                         false
                         :is_prefix_op
                         false)
                     :expr
                     (BigintLiteralExpr
                         :val
                         2)
                     :rec
                     false)
                 (ValBind
                     :pat
                     (TuplePattern
                         :patterns
                         (
                             (IdentifierPattern
                                 :qualifiers
                                 ()
                                 :identifier
                                 "62617A"
                                 :is_op
                                 false
                                 :is_prefix_op
                                 false)
                             (IdentifierPattern
                                 :qualifiers
                                 ()
                                 :identifier
                                 "71757578"
                                 :is_op
                                 false
                                 :is_prefix_op
                                 false)
                         ))
                     :expr
                     (IdentifierExpr
                         :qualifiers
                         ()
                         :identifier
                         "77616C646F"
                         :is_op
                         false
                         :is_prefix_op
                         false)
                     :rec
                     false)
             )
             :explicit_type_vars
             ()))
0031 (DeclTopDecl
         :decl
         (ValDecl
             :bindings
             ((ValBind
                 :pat
                 (IdentifierPattern
                     :qualifiers
                     ()
                     :identifier
                     "66"
                     :is_op
                     false
                     :is_prefix_op
                     false)
                 :expr
                 (FnExpr
                     :cases
                     (
                         ((LiteralPattern
                             :val
                             (BigintLiteralExpr
                                 :val
                                 0))
                           . (BigintLiteralExpr
                                 :val
                                 1))
                         ((LiteralPattern
                             :val
                             (BigintLiteralExpr
                                 :val
                                 1))
                           . (BigintLiteralExpr
                                 :val
                                 1))
                         ((IdentifierPattern
                             :qualifiers
                             ()
                             :identifier
                             "78"
                             :is_op
                             false
                             :is_prefix_op
                             false)
                           . (ApplicationExpr
                                 :exprs
                                 (
                                     (IdentifierExpr
                                         :qualifiers
                                         ()
                                         :identifier
                                         "2B"
                                         :is_op
                                         true
                                         :is_prefix_op
                                         false)
                                     (ApplicationExpr
                                         :exprs
                                         (
                                             (IdentifierExpr
                                                 :qualifiers
                                                 ()
                                                 :identifier
                                                 "66"
                                                 :is_op
                                                 false
                                                 :is_prefix_op
                                                 false)
                                             (ApplicationExpr
                                                 :exprs
                                                 (
                                                     (IdentifierExpr
                                                         :qualifiers
                                                         ()
                                                         :identifier
                                                         "2D"
                                                         :is_op
                                                         true
                                                         :is_prefix_op
                                                         false)
                                                     (IdentifierExpr
                                                         :qualifiers
                                                         ()
                                                         :identifier
                                                         "78"
                                                         :is_op
                                                         false
                                                         :is_prefix_op
                                                         false)
                                                     (BigintLiteralExpr
                                                         :val
                                                         1)
                                                 ))
                                         ))
                                     (ApplicationExpr
                                         :exprs
                                         (
                                             (IdentifierExpr
                                                 :qualifiers
                                                 ()
                                                 :identifier
                                                 "66"
                                                 :is_op
                                                 false
                                                 :is_prefix_op
                                                 false)
                                             (ApplicationExpr
                                                 :exprs
                                                 (
                                                     (IdentifierExpr
                                                         :qualifiers
                                                         ()
                                                         :identifier
                                                         "2D"
                                                         :is_op
                                                         true
                                                         :is_prefix_op
                                                         false)
                                                     (IdentifierExpr
                                                         :qualifiers
                                                         ()
                                                         :identifier
                                                         "78"
                                                         :is_op
                                                         false
                                                         :is_prefix_op
                                                         false)
                                                     (BigintLiteralExpr
                                                         :val
                                                         2)
                                                 ))
                                         ))
                                 )))
                     ))
                 :rec
                 true))
             :explicit_type_vars
             ()))
0034 (DeclTopDecl
         :decl
         (ValDecl
             :bindings
             (
                 (ValBind
                     :pat
                     (IdentifierPattern
                         :qualifiers
                         ()
                         :identifier
                         "6576656E"
                         :is_op
                         false
                         :is_prefix_op
                         false)
                     :expr
                     (FnExpr
                         :cases
                         (
                             ((LiteralPattern
                                 :val
                                 (BigintLiteralExpr
                                     :val
                                     0))
                               . (IdentifierExpr
                                     :qualifiers
                                     ()
                                     :identifier
                                     "74727565"
                                     :is_op
                                     false
                                     :is_prefix_op
                                     false))
                             ((IdentifierPattern
                                 :qualifiers
                                 ()
                                 :identifier
                                 "6E"
                                 :is_op
                                 false
                                 :is_prefix_op
                                 false)
                               . (ApplicationExpr
                                     :exprs
                                     (
                                         (IdentifierExpr
                                             :qualifiers
                                             ()
                                             :identifier
                                             "6F6464"
                                             :is_op
                                             false
                                             :is_prefix_op
                                             false)
                                         (ApplicationExpr
                                             :exprs
                                             (
                                                 (IdentifierExpr
                                                     :qualifiers
                                                     ()
                                                     :identifier
                                                     "2D"
                                                     :is_op
                                                     true
                                                     :is_prefix_op
                                                     false)
                                                 (TupleExpr
                                                     :exprs
                                                     (
                                                         (IdentifierExpr
                                                             :qualifiers
                                                             ()
                                                             :identifier
                                                             "6E"
                                                             :is_op
                                                             false
                                                             :is_prefix_op
                                                             false)
                                                         (BigintLiteralExpr
                                                             :val
                                                             1)
                                                     ))
                                             ))
                                     )))
                         ))
                     :rec
                     true)
                 (ValBind
                     :pat
                     (IdentifierPattern
                         :qualifiers
                         ()
                         :identifier
                         "6F6464"
                         :is_op
                         false
                         :is_prefix_op
                         false)
                     :expr
                     (FnExpr
                         :cases
                         (
                             ((LiteralPattern
                                 :val
                                 (BigintLiteralExpr
                                     :val
                                     0))
                               . (IdentifierExpr
                                     :qualifiers
                                     ()
                                     :identifier
                                     "66616C7365"
                                     :is_op
                                     false
                                     :is_prefix_op
                                     false))
                             ((IdentifierPattern
                                 :qualifiers
                                 ()
                                 :identifier
                                 "6E"
                                 :is_op
                                 false
                                 :is_prefix_op
                                 false)
                               . (ApplicationExpr
                                     :exprs
                                     (
                                         (IdentifierExpr
                                             :qualifiers
                                             ()
                                             :identifier
                                             "6576656E"
                                             :is_op
                                             false
                                             :is_prefix_op
                                             false)
                                         (ApplicationExpr
                                             :exprs
                                             (
                                                 (IdentifierExpr
                                                     :qualifiers
                                                     ()
                                                     :identifier
                                                     "2D"
                                                     :is_op
                                                     true
                                                     :is_prefix_op
                                                     false)
                                                 (TupleExpr
                                                     :exprs
                                                     (
                                                         (IdentifierExpr
                                                             :qualifiers
                                                             ()
                                                             :identifier
                                                             "6E"
                                                             :is_op
                                                             false
                                                             :is_prefix_op
                                                             false)
                                                         (BigintLiteralExpr
                                                             :val
                                                             1)
                                                     ))
                                             ))
                                     )))
                         ))
                     :rec
                     false)
             )
             :explicit_type_vars
             ()))
0036 (DeclTopDecl
         :decl
         (ValDecl
             :bindings
             ((ValBind
                 :pat
                 (IdentifierPattern
                     :qualifiers
                     ()
                     :identifier
                     "6964"
                     :is_op
                     false
                     :is_prefix_op
                     false)
                 :expr
                 (FnExpr
                     :cases
                     (((TypedPattern
                         :pattern
                         (IdentifierPattern
                             :qualifiers
                             ()
                             :identifier
                             "7A"
                             :is_op
                             false
                             :is_prefix_op
                             false)
                         :type
                         (VarTypeExpr
                             :id
                             "2761"))
                       . (IdentifierExpr
                             :qualifiers
                             ()
                             :identifier
                             "7A"
                             :is_op
                             false
                             :is_prefix_op
                             false))))
                 :rec
                 false))
             :explicit_type_vars
             ("2761")))
0037 ERROR
0038 (DeclTopDecl
         :decl
         (ValDecl
             :bindings
             ((ValBind
                 :pat
                 (IdentifierPattern
                     :qualifiers
                     ()
                     :identifier
                     "70616972"
                     :is_op
                     false
                     :is_prefix_op
                     false)
                 :expr
                 (FnExpr
                     :cases
                     (((TuplePattern
                         :patterns
                         (
                             (TypedPattern
                                 :pattern
                                 (IdentifierPattern
                                     :qualifiers
                                     ()
                                     :identifier
                                     "78"
                                     :is_op
                                     false
                                     :is_prefix_op
                                     false)
                                 :type
                                 (VarTypeExpr
                                     :id
                                     "2761"))
                             (TypedPattern
                                 :pattern
                                 (IdentifierPattern
                                     :qualifiers
                                     ()
                                     :identifier
                                     "79"
                                     :is_op
                                     false
                                     :is_prefix_op
                                     false)
                                 :type
                                 (VarTypeExpr
                                     :id
                                     "2762"))
                         ))
                       . (TupleExpr
                             :exprs
                             (
                                 (IdentifierExpr
                                     :qualifiers
                                     ()
                                     :identifier
                                     "78"
                                     :is_op
                                     false
                                     :is_prefix_op
                                     false)
                                 (IdentifierExpr
                                     :qualifiers
                                     ()
                                     :identifier
                                     "79"
                                     :is_op
                                     false
                                     :is_prefix_op
                                     false)
                             )))))
                 :rec
                 false))
             :explicit_type_vars
             (
                 "2761"
                 "2762"
             )))
0039 (DeclTopDecl
         :decl
         (ValDecl
             :bindings
             ((ValBind
                 :pat
                 (IdentifierPattern
                     :qualifiers
                     ()
                     :identifier
                     "70616972"
                     :is_op
                     false
                     :is_prefix_op
                     false)
                 :expr
                 (FnExpr
                     :cases
                     (((TuplePattern
                         :patterns
                         (
                             (TypedPattern
                                 :pattern
                                 (IdentifierPattern
                                     :qualifiers
                                     ()
                                     :identifier
                                     "78"
                                     :is_op
                                     false
                                     :is_prefix_op
                                     false)
                                 :type
                                 (VarTypeExpr
                                     :id
                                     "2761"))
                             (TypedPattern
                                 :pattern
                                 (IdentifierPattern
                                     :qualifiers
                                     ()
                                     :identifier
                                     "79"
                                     :is_op
                                     false
                                     :is_prefix_op
                                     false)
                                 :type
                                 (VarTypeExpr
                                     :id
                                     "2762"))
                         ))
                       . (TupleExpr
                             :exprs
                             (
                                 (IdentifierExpr
                                     :qualifiers
                                     ()
                                     :identifier
                                     "78"
                                     :is_op
                                     false
                                     :is_prefix_op
                                     false)
                                 (IdentifierExpr
                                     :qualifiers
                                     ()
                                     :identifier
                                     "79"
                                     :is_op
                                     false
                                     :is_prefix_op
                                     false)
                             )))))
                 :rec
                 false))
             :explicit_type_vars
             (
                 "2761"
                 "2762"
             )))
0040 (DeclTopDecl
         :decl
         (ValDecl
             :bindings
             (
                 (ValBind
                     :pat
                     (IdentifierPattern
                         :qualifiers
                         ()
                         :identifier
                         "66"
                         :is_op
                         false
                         :is_prefix_op
                         false)
                     :expr
                     (FnExpr
                         :cases
                         (
                             ((TypedPattern
                                 :pattern
                                 (IdentifierPattern
                                     :qualifiers
                                     ()
                                     :identifier
                                     "6E696C"
                                     :is_op
                                     false
                                     :is_prefix_op
                                     false)
                                 :type
                                 (VarTypeExpr
                                     :id
                                     "2761"))
                               . (ListExpr
                                     :exprs
                                     ()))
                             ((DatatypePattern
                                 :constructor
                                 (IdentifierPattern
                                     :qualifiers
                                     ()
                                     :identifier
                                     "3A3A"
                                     :is_op
                                     true
                                     :is_prefix_op
                                     false)
                                 :arg
                                 (TuplePattern
                                     :patterns
                                     (
                                         (IdentifierPattern
                                             :qualifiers
                                             ()
                                             :identifier
                                             "78"
                                             :is_op
                                             false
                                             :is_prefix_op
                                             false)
                                         (IdentifierPattern
                                             :qualifiers
                                             ()
                                             :identifier
                                             "7873"
                                             :is_op
                                             false
                                             :is_prefix_op
                                             false)
                                     )))
                               . (ApplicationExpr
                                     :exprs
                                     (
                                         (IdentifierExpr
                                             :qualifiers
                                             ()
                                             :identifier
                                             "66"
                                             :is_op
                                             false
                                             :is_prefix_op
                                             false)
                                         (IdentifierExpr
                                             :qualifiers
                                             ()
                                             :identifier
                                             "7873"
                                             :is_op
                                             false
                                             :is_prefix_op
                                             false)
                                     )))
                         ))
                     :rec
                     true)
                 (ValBind
                     :pat
                     (IdentifierPattern
                         :qualifiers
                         ()
                         :identifier
                         "666F6F"
                         :is_op
                         false
                         :is_prefix_op
                         false)
                     :expr
                     (FnExpr
                         :cases
                         (((TuplePattern
                             :patterns
                             ())
                           . (TypedExpr
                                 :expr
                                 (IdentifierExpr
                                     :qualifiers
                                     ()
                                     :identifier
                                     "6E696C"
                                     :is_op
                                     false
                                     :is_prefix_op
                                     false)
                                 :type
                                 (VarTypeExpr
                                     :id
                                     "2761")))))
                     :rec
                     false)
             )
             :explicit_type_vars
             ("2761")))
0042 ERROR
0043 (EndOfFileTopDecl)
