0001 (DeclTopDecl
         :decl
         (ValDecl
             :bindings
             ((ValBind
                 :pat
                 (IdentifierPattern
                     :qualifiers
                     ()
                     :identifier
                     "666F6F"
                     :is_op
                     false
                     :is_prefix_op
                     false)
                 :expr
                 (IdentifierExpr
                     :qualifiers
                     ()
                     :identifier
                     "626172"
                     :is_op
                     false
                     :is_prefix_op
                     false)
                 :rec
                 false))))
0002 (DeclTopDecl
         :decl
         (ValDecl
             :bindings
             ((ValBind
                 :pat
                 (IdentifierPattern
                     :qualifiers
                     ()
                     :identifier
                     "666F6F"
                     :is_op
                     false
                     :is_prefix_op
                     false)
                 :expr
                 (IdentifierExpr
                     :qualifiers
                     ("626172")
                     :identifier
                     "62617A"
                     :is_op
                     false
                     :is_prefix_op
                     false)
                 :rec
                 false))))
0003 (DeclTopDecl
         :decl
         (ValDecl
             :bindings
             ((ValBind
                 :pat
                 (LayeredPattern
                     :identifier
                     "666F6F"
                     :pattern
                     (TuplePattern
                         :patterns
                         (
                             (IdentifierPattern
                                 :qualifiers
                                 ()
                                 :identifier
                                 "6E756D"
                                 :is_op
                                 false
                                 :is_prefix_op
                                 false)
                             (IdentifierPattern
                                 :qualifiers
                                 ()
                                 :identifier
                                 "737472"
                                 :is_op
                                 false
                                 :is_prefix_op
                                 false)
                         )))
                 :expr
                 (TupleExpr
                     :exprs
                     (
                         (BigintLiteralExpr
                             :val
                             1)
                         (StringLiteralExpr
                             :val
                             "626172")
                     ))
                 :rec
                 false))))
0004 (DeclTopDecl
         :decl
         (ValDecl
             :bindings
             ((ValBind
                 :pat
                 (TuplePattern
                     :patterns
                     (
                         (IdentifierPattern
                             :qualifiers
                             ()
                             :identifier
                             "6E756D"
                             :is_op
                             false
                             :is_prefix_op
                             false)
                         (WildcardPattern)
                     ))
                 :expr
                 (TupleExpr
                     :exprs
                     (
                         (BigintLiteralExpr
                             :val
                             1)
                         (StringLiteralExpr
                             :val
                             "626172")
                     ))
                 :rec
                 false))))
0005 (DeclTopDecl
         :decl
         (ValDecl
             :bindings
             ((ValBind
                 :pat
                 (WildcardPattern)
                 :expr
                 (IdentifierExpr
                     :qualifiers
                     ()
                     :identifier
                     "666F6F"
                     :is_op
                     false
                     :is_prefix_op
                     false)
                 :rec
                 false))))
0006 (DeclTopDecl
         :decl
         (ValDecl
             :bindings
             ((ValBind
                 :pat
                 (IdentifierPattern
                     :qualifiers
                     ()
                     :identifier
                     "2B2B"
                     :is_op
                     true
                     :is_prefix_op
                     false)
                 :expr
                 (IdentifierExpr
                     :qualifiers
                     ()
                     :identifier
                     "2B"
                     :is_op
                     true
                     :is_prefix_op
                     false)
                 :rec
                 false))))
0007 (DeclTopDecl
         :decl
         (ValDecl
             :bindings
             ((ValBind
                 :pat
                 (IdentifierPattern
                     :qualifiers
                     ()
                     :identifier
                     "2B"
                     :is_op
                     true
                     :is_prefix_op
                     true)
                 :expr
                 (FnExpr
                     :cases
                     (((IdentifierPattern
                         :qualifiers
                         ()
                         :identifier
                         "78"
                         :is_op
                         false
                         :is_prefix_op
                         false)
                       . (IdentifierExpr
                             :qualifiers
                             ()
                             :identifier
                             "78"
                             :is_op
                             false
                             :is_prefix_op
                             false))))
                 :rec
                 false))))
0008 (DeclTopDecl
         :decl
         (ValDecl
             :bindings
             ((ValBind
                 :pat
                 (IdentifierPattern
                     :qualifiers
                     (
                         "666F6F"
                         "626172"
                     )
                     :identifier
                     "62617A"
                     :is_op
                     false
                     :is_prefix_op
                     false)
                 :expr
                 (IdentifierExpr
                     :qualifiers
                     ()
                     :identifier
                     "74"
                     :is_op
                     false
                     :is_prefix_op
                     false)
                 :rec
                 false))))
0009 (DeclTopDecl
         :decl
         (ValDecl
             :bindings
             ((ValBind
                 :pat
                 (RecordPattern
                     :rows
                     (
                         (RecRowPattern
                             :label
                             "666F6F"
                             :pattern
                             (IdentifierPattern
                                 :qualifiers
                                 ()
                                 :identifier
                                 "666F6F"
                                 :is_op
                                 false
                                 :is_prefix_op
                                 false))
                         (RecRowPattern
                             :label
                             "626172"
                             :pattern
                             (LayeredPattern
                                 :identifier
                                 "626172"
                                 :pattern
                                 (TuplePattern
                                     :patterns
                                     (
                                         (IdentifierPattern
                                             :qualifiers
                                             ()
                                             :identifier
                                             "62617A"
                                             :is_op
                                             false
                                             :is_prefix_op
                                             false)
                                         (IdentifierPattern
                                             :qualifiers
                                             ()
                                             :identifier
                                             "71757578"
                                             :is_op
                                             false
                                             :is_prefix_op
                                             false)
                                     ))))
                         (RecRowPattern
                             :label
                             "77616C646F"
                             :pattern
                             (LiteralPattern
                                 :val
                                 (BigintLiteralExpr
                                     :val
                                     2)))
                     )
                     :has_wildcard
                     true)
                 :expr
                 (IdentifierExpr
                     :qualifiers
                     ()
                     :identifier
                     "78797A7A79"
                     :is_op
                     false
                     :is_prefix_op
                     false)
                 :rec
                 false))))
0010 (DeclTopDecl
         :decl
         (ValDecl
             :bindings
             ((ValBind
                 :pat
                 (TuplePattern
                     :patterns
                     ())
                 :expr
                 (IdentifierExpr
                     :qualifiers
                     ()
                     :identifier
                     "666F6F"
                     :is_op
                     false
                     :is_prefix_op
                     false)
                 :rec
                 false))))
0011 (DeclTopDecl
         :decl
         (ValDecl
             :bindings
             ((ValBind
                 :pat
                 (TuplePattern
                     :patterns
                     (
                         (IdentifierPattern
                             :qualifiers
                             ()
                             :identifier
                             "666F6F"
                             :is_op
                             false
                             :is_prefix_op
                             false)
                         (WildcardPattern)
                         (IdentifierPattern
                             :qualifiers
                             ()
                             :identifier
                             "2B2B"
                             :is_op
                             true
                             :is_prefix_op
                             false)
                         (IdentifierPattern
                             :qualifiers
                             ()
                             :identifier
                             "3D"
                             :is_op
                             true
                             :is_prefix_op
                             false)
                         (IdentifierPattern
                             :qualifiers
                             ()
                             :identifier
                             "2A"
                             :is_op
                             true
                             :is_prefix_op
                             false)
                         (IdentifierPattern
                             :qualifiers
                             ()
                             :identifier
                             "626172"
                             :is_op
                             false
                             :is_prefix_op
                             false)
                     ))
                 :expr
                 (IdentifierExpr
                     :qualifiers
                     ()
                     :identifier
                     "62617A"
                     :is_op
                     false
                     :is_prefix_op
                     false)
                 :rec
                 false))))
0012 (DeclTopDecl
         :decl
         (ValDecl
             :bindings
             ((ValBind
                 :pat
                 (ListPattern
                     :patterns
                     ())
                 :expr
                 (IdentifierExpr
                     :qualifiers
                     ()
                     :identifier
                     "666F6F"
                     :is_op
                     false
                     :is_prefix_op
                     false)
                 :rec
                 false))))
0013 (DeclTopDecl
         :decl
         (ValDecl
             :bindings
             ((ValBind
                 :pat
                 (ListPattern
                     :patterns
                     (
                         (LayeredPattern
                             :identifier
                             "666F6F"
                             :pattern
                             (TuplePattern
                                 :patterns
                                 (
                                     (WildcardPattern)
                                     (IdentifierPattern
                                         :qualifiers
                                         ()
                                         :identifier
                                         "626172"
                                         :is_op
                                         false
                                         :is_prefix_op
                                         false)
                                 )))
                         (IdentifierPattern
                             :qualifiers
                             ()
                             :identifier
                             "62617A"
                             :is_op
                             false
                             :is_prefix_op
                             false)
                         (RecordPattern
                             :rows
                             (
                                 (RecRowPattern
                                     :label
                                     "71757578"
                                     :pattern
                                     (IdentifierPattern
                                         :qualifiers
                                         ()
                                         :identifier
                                         "71757578"
                                         :is_op
                                         false
                                         :is_prefix_op
                                         false))
                                 (RecRowPattern
                                     :label
                                     "77616C646F"
                                     :pattern
                                     (TuplePattern
                                         :patterns
                                         (
                                             (IdentifierPattern
                                                 :qualifiers
                                                 ()
                                                 :identifier
                                                 "78797A7A79"
                                                 :is_op
                                                 false
                                                 :is_prefix_op
                                                 false)
                                             (IdentifierPattern
                                                 :qualifiers
                                                 ()
                                                 :identifier
                                                 "706C756768"
                                                 :is_op
                                                 false
                                                 :is_prefix_op
                                                 false)
                                         )))
                             )
                             :has_wildcard
                             false)
                         (WildcardPattern)
                     ))
                 :expr
                 (IdentifierExpr
                     :qualifiers
                     ()
                     :identifier
                     "677261756C74"
                     :is_op
                     false
                     :is_prefix_op
                     false)
                 :rec
                 false))))
0014 (DeclTopDecl
         :decl
         (ValDecl
             :bindings
             ((ValBind
                 :pat
                 (DatatypePattern
                     :constructor
                     (IdentifierPattern
                         :qualifiers
                         ()
                         :identifier
                         "466F6F"
                         :is_op
                         false
                         :is_prefix_op
                         false)
                     :arg
                     (IdentifierPattern
                         :qualifiers
                         ()
                         :identifier
                         "626172"
                         :is_op
                         false
                         :is_prefix_op
                         false))
                 :expr
                 (IdentifierExpr
                     :qualifiers
                     ()
                     :identifier
                     "62617A"
                     :is_op
                     false
                     :is_prefix_op
                     false)
                 :rec
                 false))))
0015 (DeclTopDecl
         :decl
         (ValDecl
             :bindings
             ((ValBind
                 :pat
                 (DatatypePattern
                     :constructor
                     (IdentifierPattern
                         :qualifiers
                         ()
                         :identifier
                         "3A3A"
                         :is_op
                         true
                         :is_prefix_op
                         false)
                     :arg
                     (TuplePattern
                         :patterns
                         (
                             (IdentifierPattern
                                 :qualifiers
                                 ()
                                 :identifier
                                 "666F6F"
                                 :is_op
                                 false
                                 :is_prefix_op
                                 false)
                             (IdentifierPattern
                                 :qualifiers
                                 ()
                                 :identifier
                                 "626172"
                                 :is_op
                                 false
                                 :is_prefix_op
                                 false)
                         )))
                 :expr
                 (IdentifierExpr
                     :qualifiers
                     ()
                     :identifier
                     "62617A"
                     :is_op
                     false
                     :is_prefix_op
                     false)
                 :rec
                 false))))
0016 (DeclTopDecl
         :decl
         (ValDecl
             :bindings
             ((ValBind
                 :pat
                 (DatatypePattern
                     :constructor
                     (IdentifierPattern
                         :qualifiers
                         ()
                         :identifier
                         "7E"
                         :is_op
                         true
                         :is_prefix_op
                         true)
                     :arg
                     (IdentifierPattern
                         :qualifiers
                         ()
                         :identifier
                         "666F6F"
                         :is_op
                         false
                         :is_prefix_op
                         false))
                 :expr
                 (IdentifierExpr
                     :qualifiers
                     ()
                     :identifier
                     "626172"
                     :is_op
                     false
                     :is_prefix_op
                     false)
                 :rec
                 false))))
0018 ERROR
0019 ERROR
0020 ERROR
0021 ERROR
0022 ERROR
0023 (DeclTopDecl
         :decl
         (ValDecl
             :bindings
             ((ValBind
                 :pat
                 (TypedPattern
                     :pattern
                     (IdentifierPattern
                         :qualifiers
                         ()
                         :identifier
                         "666F6F"
                         :is_op
                         false
                         :is_prefix_op
                         false)
                     :type
                     (TyconTypeExpr
                         :qualifiers
                         ()
                         :identifier
                         "626967696E74"
                         :types
                         ()))
                 :expr
                 (IdentifierExpr
                     :qualifiers
                     ()
                     :identifier
                     "62617A"
                     :is_op
                     false
                     :is_prefix_op
                     false)
                 :rec
                 false))))
0024 (DeclTopDecl
         :decl
         (ValDecl
             :bindings
             ((ValBind
                 :pat
                 (TypedPattern
                     :pattern
                     (LayeredPattern
                         :identifier
                         "666F6F"
                         :pattern
                         (TuplePattern
                             :patterns
                             (
                                 (IdentifierPattern
                                     :qualifiers
                                     ()
                                     :identifier
                                     "6E756D"
                                     :is_op
                                     false
                                     :is_prefix_op
                                     false)
                                 (IdentifierPattern
                                     :qualifiers
                                     ()
                                     :identifier
                                     "737472"
                                     :is_op
                                     false
                                     :is_prefix_op
                                     false)
                             )))
                     :type
                     (TupleTypeExpr
                         :types
                         (
                             (TyconTypeExpr
                                 :qualifiers
                                 ()
                                 :identifier
                                 "626967696E74"
                                 :types
                                 ())
                             (TyconTypeExpr
                                 :qualifiers
                                 ()
                                 :identifier
                                 "737472696E67"
                                 :types
                                 ())
                         )))
                 :expr
                 (IdentifierExpr
                     :qualifiers
                     ()
                     :identifier
                     "62617A"
                     :is_op
                     false
                     :is_prefix_op
                     false)
                 :rec
                 false))))
0025 (DeclTopDecl
         :decl
         (ValDecl
             :bindings
             ((ValBind
                 :pat
                 (LayeredPattern
                     :identifier
                     "666F6F"
                     :pattern
                     (TuplePattern
                         :patterns
                         (
                             (TypedPattern
                                 :pattern
                                 (IdentifierPattern
                                     :qualifiers
                                     ()
                                     :identifier
                                     "6E756D"
                                     :is_op
                                     false
                                     :is_prefix_op
                                     false)
                                 :type
                                 (TyconTypeExpr
                                     :qualifiers
                                     ()
                                     :identifier
                                     "626967696E74"
                                     :types
                                     ()))
                             (TypedPattern
                                 :pattern
                                 (IdentifierPattern
                                     :qualifiers
                                     ()
                                     :identifier
                                     "737472"
                                     :is_op
                                     false
                                     :is_prefix_op
                                     false)
                                 :type
                                 (TyconTypeExpr
                                     :qualifiers
                                     ()
                                     :identifier
                                     "737472696E67"
                                     :types
                                     ()))
                         )))
                 :expr
                 (IdentifierExpr
                     :qualifiers
                     ()
                     :identifier
                     "62617A"
                     :is_op
                     false
                     :is_prefix_op
                     false)
                 :rec
                 false))))
0026 (DeclTopDecl
         :decl
         (ValDecl
             :bindings
             ((ValBind
                 :pat
                 (RecordPattern
                     :rows
                     (
                         (RecRowPattern
                             :label
                             "666F6F"
                             :pattern
                             (TypedPattern
                                 :pattern
                                 (IdentifierPattern
                                     :qualifiers
                                     ()
                                     :identifier
                                     "666F6F"
                                     :is_op
                                     false
                                     :is_prefix_op
                                     false)
                                 :type
                                 (TyconTypeExpr
                                     :qualifiers
                                     ()
                                     :identifier
                                     "626967696E74"
                                     :types
                                     ())))
                         (RecRowPattern
                             :label
                             "626172"
                             :pattern
                             (TypedPattern
                                 :pattern
                                 (LayeredPattern
                                     :identifier
                                     "626172"
                                     :pattern
                                     (TuplePattern
                                         :patterns
                                         (
                                             (IdentifierPattern
                                                 :qualifiers
                                                 ()
                                                 :identifier
                                                 "62617A"
                                                 :is_op
                                                 false
                                                 :is_prefix_op
                                                 false)
                                             (IdentifierPattern
                                                 :qualifiers
                                                 ()
                                                 :identifier
                                                 "71757578"
                                                 :is_op
                                                 false
                                                 :is_prefix_op
                                                 false)
                                         )))
                                 :type
                                 (TupleTypeExpr
                                     :types
                                     (
                                         (TyconTypeExpr
                                             :qualifiers
                                             ()
                                             :identifier
                                             "626967696E74"
                                             :types
                                             ())
                                         (TyconTypeExpr
                                             :qualifiers
                                             ()
                                             :identifier
                                             "737472696E67"
                                             :types
                                             ())
                                     ))))
                         (RecRowPattern
                             :label
                             "77616C646F"
                             :pattern
                             (TypedPattern
                                 :pattern
                                 (LiteralPattern
                                     :val
                                     (BigintLiteralExpr
                                         :val
                                         2))
                                 :type
                                 (TyconTypeExpr
                                     :qualifiers
                                     ()
                                     :identifier
                                     "626967696E74"
                                     :types
                                     ())))
                     )
                     :has_wildcard
                     true)
                 :expr
                 (IdentifierExpr
                     :qualifiers
                     ()
                     :identifier
                     "78797A7A79"
                     :is_op
                     false
                     :is_prefix_op
                     false)
                 :rec
                 false))))
0030 (DeclTopDecl
         :decl
         (ValDecl
             :bindings
             (
                 (ValBind
                     :pat
                     (IdentifierPattern
                         :qualifiers
                         ()
                         :identifier
                         "666F6F"
                         :is_op
                         false
                         :is_prefix_op
                         false)
                     :expr
                     (BigintLiteralExpr
                         :val
                         1)
                     :rec
                     false)
                 (ValBind
                     :pat
                     (IdentifierPattern
                         :qualifiers
                         ()
                         :identifier
                         "626172"
                         :is_op
                         false
                         :is_prefix_op
                         false)
                     :expr
                     (BigintLiteralExpr
                         :val
                         2)
                     :rec
                     false)
                 (ValBind
                     :pat
                     (TuplePattern
                         :patterns
                         (
                             (IdentifierPattern
                                 :qualifiers
                                 ()
                                 :identifier
                                 "62617A"
                                 :is_op
                                 false
                                 :is_prefix_op
                                 false)
                             (IdentifierPattern
                                 :qualifiers
                                 ()
                                 :identifier
                                 "71757578"
                                 :is_op
                                 false
                                 :is_prefix_op
                                 false)
                         ))
                     :expr
                     (IdentifierExpr
                         :qualifiers
                         ()
                         :identifier
                         "77616C646F"
                         :is_op
                         false
                         :is_prefix_op
                         false)
                     :rec
                     false)
             )))
0031 (DeclTopDecl
         :decl
         (ValDecl
             :bindings
             ((ValBind
                 :pat
                 (IdentifierPattern
                     :qualifiers
                     ()
                     :identifier
                     "66"
                     :is_op
                     false
                     :is_prefix_op
                     false)
                 :expr
                 (FnExpr
                     :cases
                     (
                         ((LiteralPattern
                             :val
                             (BigintLiteralExpr
                                 :val
                                 0))
                           . (BigintLiteralExpr
                                 :val
                                 1))
                         ((LiteralPattern
                             :val
                             (BigintLiteralExpr
                                 :val
                                 1))
                           . (BigintLiteralExpr
                                 :val
                                 1))
                         ((IdentifierPattern
                             :qualifiers
                             ()
                             :identifier
                             "78"
                             :is_op
                             false
                             :is_prefix_op
                             false)
                           . (ApplicationExpr
                                 :exprs
                                 (
                                     (IdentifierExpr
                                         :qualifiers
                                         ()
                                         :identifier
                                         "2B"
                                         :is_op
                                         true
                                         :is_prefix_op
                                         false)
                                     (ApplicationExpr
                                         :exprs
                                         (
                                             (IdentifierExpr
                                                 :qualifiers
                                                 ()
                                                 :identifier
                                                 "66"
                                                 :is_op
                                                 false
                                                 :is_prefix_op
                                                 false)
                                             (ApplicationExpr
                                                 :exprs
                                                 (
                                                     (IdentifierExpr
                                                         :qualifiers
                                                         ()
                                                         :identifier
                                                         "2D"
                                                         :is_op
                                                         true
                                                         :is_prefix_op
                                                         false)
                                                     (IdentifierExpr
                                                         :qualifiers
                                                         ()
                                                         :identifier
                                                         "78"
                                                         :is_op
                                                         false
                                                         :is_prefix_op
                                                         false)
                                                     (BigintLiteralExpr
                                                         :val
                                                         1)
                                                 ))
                                         ))
                                     (ApplicationExpr
                                         :exprs
                                         (
                                             (IdentifierExpr
                                                 :qualifiers
                                                 ()
                                                 :identifier
                                                 "66"
                                                 :is_op
                                                 false
                                                 :is_prefix_op
                                                 false)
                                             (ApplicationExpr
                                                 :exprs
                                                 (
                                                     (IdentifierExpr
                                                         :qualifiers
                                                         ()
                                                         :identifier
                                                         "2D"
                                                         :is_op
                                                         true
                                                         :is_prefix_op
                                                         false)
                                                     (IdentifierExpr
                                                         :qualifiers
                                                         ()
                                                         :identifier
                                                         "78"
                                                         :is_op
                                                         false
                                                         :is_prefix_op
                                                         false)
                                                     (BigintLiteralExpr
                                                         :val
                                                         2)
                                                 ))
                                         ))
                                 )))
                     ))
                 :rec
                 true))))
0034 (EndOfFileTopDecl)
