0001 (DeclTopDecl
         :decl
         (ValDecl
             :identifier
             "666F6F"
             :expr
             (IdentifierExpr
                 :qualifiers
                 ()
                 :identifier
                 "626172"
                 :is_op
                 false
                 :is_prefix_op
                 false)))
0002 (DeclTopDecl
         :decl
         (ValDecl
             :identifier
             "666F6F"
             :expr
             (IdentifierExpr
                 :qualifiers
                 ("626172")
                 :identifier
                 "62617A"
                 :is_op
                 false
                 :is_prefix_op
                 false)))
0003 ERROR
0004 ERROR
0005 ERROR
0006 ERROR
0007 (EndOfFileTopDecl)
